// Jest Snapshot v1, https://goo.gl/fbAQLP

exports[`PremiumRosterTypeScreen matches snapshot 1`] = `
<View
  style={
    {
      "backgroundColor": "#0c0a09",
      "flex": 1,
    }
  }
>
  <View
    testID="roster-type-progress-header"
  />
  <Text
    style={
      [
        {
          "color": "#e7e5e4",
          "fontFamily": "System",
          "fontSize": 28,
          "fontWeight": "bold",
          "letterSpacing": 1,
          "marginTop": 24,
          "paddingHorizontal": 24,
          "textAlign": "center",
        },
        {},
      ]
    }
  >
    How Does Your Roster Work?
  </Text>
  <Text
    style={
      [
        {
          "color": "#a8a29e",
          "fontFamily": "System",
          "fontSize": 16,
          "marginBottom": 32,
          "marginTop": 8,
          "paddingHorizontal": 24,
          "textAlign": "center",
        },
        {},
      ]
    }
  >
    Choose the roster style your workplace uses — this shapes your entire schedule
Swipe right to choose, left to see more, up for details
  </Text>
  <View
    style={
      {
        "alignItems": "center",
        "flex": 1,
        "justifyContent": "center",
        "marginBottom": 32,
      }
    }
  >
    <View
      style={
        [
          {
            "alignItems": "center",
            "backgroundColor": "#1c1917",
            "borderColor": "rgba(180, 83, 9, 0.2)",
            "borderRadius": 24,
            "borderWidth": 1,
            "height": 773.7199999999999,
            "justifyContent": "center",
            "padding": 32,
            "position": "absolute",
            "width": 637.5,
          },
          {
            "shadowColor": "#b45309",
            "shadowOffset": {
              "height": 12,
              "width": 0,
            },
            "shadowOpacity": 0.4,
            "shadowRadius": 20,
          },
          {},
        ]
      }
      testID="roster-type-card-rotating"
    >
      <View
        style={
          [
            {
              "alignItems": "center",
              "height": 180,
              "justifyContent": "center",
              "marginBottom": 24,
              "width": 180,
            },
            {},
          ]
        }
      >
        <Image
          resizeMode="contain"
          source={
            {
              "testUri": "../../../assets/onboarding/icons/consolidated/roster-type-rotating.png",
            }
          }
          style={
            {
              "height": 180,
              "width": 180,
            }
          }
        />
      </View>
      <Text
        style={
          {
            "color": "#e7e5e4",
            "fontSize": 24,
            "fontWeight": "bold",
            "marginBottom": 16,
            "textAlign": "center",
          }
        }
      >
        Rotating Roster
      </Text>
      <View
        style={
          {
            "backgroundColor": "rgba(180, 83, 9, 0.2)",
            "borderRadius": 20,
            "marginBottom": 24,
            "paddingHorizontal": 16,
            "paddingVertical": 4,
          }
        }
      >
        <Text
          style={
            {
              "color": "#b45309",
              "fontSize": 18,
              "fontWeight": "600",
              "textAlign": "center",
            }
          }
        >
          Days → Nights → Off pattern
        </Text>
      </View>
      <Text
        style={
          {
            "color": "#a8a29e",
            "fontSize": 16,
            "lineHeight": 24,
            "paddingHorizontal": 16,
            "textAlign": "center",
          }
        }
      >
        You rotate through different shift times in a repeating cycle
      </Text>
      <View
        style={
          [
            {
              "backgroundColor": "rgba(180, 83, 9, 0.3)",
              "borderRadius": 12,
              "paddingHorizontal": 16,
              "paddingVertical": 4,
              "position": "absolute",
            },
            {
              "right": 24,
              "top": "50%",
            },
            {},
          ]
        }
      >
        <Text
          style={
            {
              "color": "#a8a29e",
              "fontSize": 14,
              "fontWeight": "600",
            }
          }
        >
          This one →
        </Text>
      </View>
      <View
        style={
          [
            {
              "backgroundColor": "rgba(180, 83, 9, 0.3)",
              "borderRadius": 12,
              "paddingHorizontal": 16,
              "paddingVertical": 4,
              "position": "absolute",
            },
            {
              "left": 24,
              "top": "50%",
            },
            {},
          ]
        }
      >
        <Text
          style={
            {
              "color": "#a8a29e",
              "fontSize": 14,
              "fontWeight": "600",
            }
          }
        >
          ← Next option
        </Text>
      </View>
      <View
        style={
          [
            {
              "backgroundColor": "rgba(180, 83, 9, 0.3)",
              "borderRadius": 12,
              "paddingHorizontal": 16,
              "paddingVertical": 4,
              "position": "absolute",
            },
            {
              "alignSelf": "center",
              "top": 24,
            },
            {},
          ]
        }
      >
        <Text
          style={
            {
              "color": "#a8a29e",
              "fontSize": 14,
              "fontWeight": "600",
            }
          }
        >
          ↑ Learn more
        </Text>
      </View>
    </View>
    <View
      style={
        [
          {
            "alignItems": "center",
            "backgroundColor": "#1c1917",
            "borderColor": "rgba(180, 83, 9, 0.2)",
            "borderRadius": 24,
            "borderWidth": 1,
            "height": 773.7199999999999,
            "justifyContent": "center",
            "padding": 32,
            "position": "absolute",
            "width": 637.5,
          },
          {
            "shadowColor": "#0c0a09",
            "shadowOffset": {
              "height": 6,
              "width": 0,
            },
            "shadowOpacity": 0.2,
            "shadowRadius": 12,
          },
          {},
        ]
      }
      testID="roster-type-card-fifo"
    >
      <View
        style={
          [
            {
              "alignItems": "center",
              "height": 180,
              "justifyContent": "center",
              "marginBottom": 24,
              "width": 180,
            },
            {},
          ]
        }
      >
        <Image
          resizeMode="contain"
          source={
            {
              "testUri": "../../../assets/onboarding/icons/consolidated/roster-type-fifo.png",
            }
          }
          style={
            {
              "height": 180,
              "width": 180,
            }
          }
        />
      </View>
      <Text
        style={
          {
            "color": "#e7e5e4",
            "fontSize": 24,
            "fontWeight": "bold",
            "marginBottom": 16,
            "textAlign": "center",
          }
        }
      >
        FIFO / Swing Roster
      </Text>
      <View
        style={
          {
            "backgroundColor": "rgba(180, 83, 9, 0.2)",
            "borderRadius": 20,
            "marginBottom": 24,
            "paddingHorizontal": 16,
            "paddingVertical": 4,
          }
        }
      >
        <Text
          style={
            {
              "color": "#b45309",
              "fontSize": 18,
              "fontWeight": "600",
              "textAlign": "center",
            }
          }
        >
          Work blocks → Home blocks
        </Text>
      </View>
      <Text
        style={
          {
            "color": "#a8a29e",
            "fontSize": 16,
            "lineHeight": 24,
            "paddingHorizontal": 16,
            "textAlign": "center",
          }
        }
      >
        You work consecutive days on-site, then get extended time at home
      </Text>
    </View>
  </View>
  <View
    style={
      {
        "alignItems": "center",
        "flexDirection": "row",
        "gap": 4,
        "justifyContent": "center",
        "marginBottom": 24,
      }
    }
    testID="roster-type-progress-dots"
  >
    <View
      style={
        [
          {
            "backgroundColor": "#a8a29e",
            "borderRadius": 4,
            "height": 8,
            "opacity": 0.3,
            "width": 8,
          },
          {
            "backgroundColor": "#b45309",
            "borderRadius": 6,
            "height": 12,
            "opacity": 1,
            "width": 12,
          },
        ]
      }
    />
    <View
      style={
        [
          {
            "backgroundColor": "#a8a29e",
            "borderRadius": 4,
            "height": 8,
            "opacity": 0.3,
            "width": 8,
          },
          false,
        ]
      }
    />
  </View>
</View>
`;
