2026-04-06 10:30:27.250 Db EllieMinerShiftAssistant[18489:2f46c1] [com.apple.CFBundle:resources] Language lookup at CFBundle 0x600003b14540 </Users/user/Library/Developer/CoreSimulator/Devices/85DD3162-206C-44DB-A723-F4B933896B6E/data/Containers/Bundle/Application/C67B7437-D239-4035-84EB-B6260A64EE2F/EllieMinerShiftAssistant.app/EXUpdates.bundle> (not loaded)
	Localizations : [en]
	Dev language  : en
	User prefs    : [en-GH, it-GH, de-GH]
	Main bundle   : [<null>]
	Allow mixed   : 1 
	Result        : [en]
2026-04-06 10:30:27.250 Db EllieMinerShiftAssistant[18489:2f46c1] [com.apple.CFBundle:resources] Resource lookup at CFBundle 0x600003b14540 </Users/user/Library/Developer/CoreSimulator/Devices/85DD3162-206C-44DB-A723-F4B933896B6E/data/Containers/Bundle/Application/C67B7437-D239-4035-84EB-B6260A64EE2F/EllieMinerShiftAssistant.app/EXUpdates.bundle> (not loaded)
	Request       : app type: manifest
	Result        : file:///Users/user/Library/Developer/CoreSimulator/Devices/85DD3162-206C-44DB-A723-F4B933896B6E/data/Containers/Bundle/Application/C67B7437-D239-4035-84EB-B6260A64EE2F/EllieMinerShiftAssistant.app/EXUpdates.bundle/app.manifest
2026-04-06 10:30:27.250 Db EllieMinerShiftAssistant[18489:2f4660] [com.apple.defaults:User Defaults] found no value for key _UIConstraintBasedLayout in CFPrefsSearchListSource<0x600002c0c180> (Domain: com.ellie.minershiftassistant, Container: (null))
2026-04-06 10:30:27.250 Db EllieMinerShiftAssistant[18489:2f4660] [com.apple.CFBundle:resources] Resource lookup at CFBundle 0x600003b081c0 </Users/user/Library/Developer/CoreSimulator/Devices/85DD3162-206C-44DB-A723-F4B933896B6E/data/Containers/Bundle/Application/C67B7437-D239-4035-84EB-B6260A64EE2F/EllieMinerShiftAssistant.app> (executable, loaded)
	Request       : Assets type: car
	Result        : file:///Users/user/Library/Developer/CoreSimulator/Devices/85DD3162-206C-44DB-A723-F4B933896B6E/data/Containers/Bundle/Application/C67B7437-D239-4035-84EB-B6260A64EE2F/EllieMinerShiftAssistant.app/Assets.car
2026-04-06 10:30:27.250 Db EllieMinerShiftAssistant[18489:2f4660] [com.apple.defaults:User Defaults] found no value for key CUIShowDebugLogs in CFPrefsSearchListSource<0x600002c0c180> (Domain: com.ellie.minershiftassistant, Container: (null))
2026-04-06 10:30:27.251 Db EllieMinerShiftAssistant[18489:2f4660] [com.apple.defaults:User Defaults] found no value for key CGAllowDebuggingDefaults in CFPrefsPlistSource<0x600002c08480> (Domain: kCFPreferencesAnyApplication, User: kCFPreferencesCurrentUser, ByHost: No, Container: (null), Contents Need Refresh: No)
2026-04-06 10:30:27.251 Db EllieMinerShiftAssistant[18489:2f4660] [com.apple.defaults:User Defaults] found no value for key UIViewShowAlignmentRects in CFPrefsSearchListSource<0x600002c0c180> (Domain: com.ellie.minershiftassistant, Container: (null))
2026-04-06 10:30:27.251 Db EllieMinerShiftAssistant[18489:2f4660] [com.apple.defaults:User Defaults] found no value for key UITraitUsageTrackingLoggingEnabled in CFPrefsSearchListSource<0x600002c0c180> (Domain: com.ellie.minershiftassistant, Container: (null))
2026-04-06 10:30:27.251 Db EllieMinerShiftAssistant[18489:2f4660] [com.apple.defaults:User Defaults] found no value for key UILayoutAnchorsDeferTrippingWantsAutolayoutFlagUntilUsed in CFPrefsSearchListSource<0x600002c0c180> (Domain: com.ellie.minershiftassistant, Container: (null))
2026-04-06 10:30:27.251 Db EllieMinerShiftAssistant[18489:2f4660] [com.apple.defaults:User Defaults] found no value for key NSConstraintBasedLayoutTrackAllocation in CFPrefsSearchListSource<0x600002c0c180> (Domain: com.ellie.minershiftassistant, Container: (null))
2026-04-06 10:30:27.251 Db EllieMinerShiftAssistant[18489:2f4660] [com.apple.defaults:User Defaults] found no value for key NSConstraintBasedLayoutAriadneTracepoints in CFPrefsSearchListSource<0x600002c0c180> (Domain: com.ellie.minershiftassistant, Container: (null))
2026-04-06 10:30:27.251 Db EllieMinerShiftAssistant[18489:2f4660] [com.apple.defaults:User Defaults] looked up value 0 for key ReduceMotionEnabled in CFPrefsPlistSource<0x600002c14b80> (Domain: com.apple.Accessibility, User: kCFPreferencesCurrentUser, ByHost: No, Container: (null), Contents Need Refresh: No) via CFPrefsSearchListSource<0x600002c14b00> (Domain: com.apple.Accessibility, Container: (null))
2026-04-06 10:30:27.251 Db EllieMinerShiftAssistant[18489:2f4660] [com.apple.Accessibility:AXSupportCommon] CF Read: domain = com.apple.Accessibility, preference = ReduceMotionEnabled, appID = (null) result = 0 (-1 - empty, 0 - false, 1 - true)
2026-04-06 10:30:27.253 Db EllieMinerShiftAssistant[18489:2f4660] [com.apple.defaults:User Defaults] found no value for key LogUIPresentationController in CFPrefsSearchListSource<0x600002c11000> (Domain: com.apple.UIKit, Container: (null))
2026-04-06 10:30:27.253 I  EllieMinerShiftAssistant[18489:2f4660] [com.apple.Accessibility:AXAppAccessibility] Presentation controller doesn't modalize: <_UIRootPresentationController: 0x108e07b10>
2026-04-06 10:30:27.253 Db EllieMinerShiftAssistant[18489:2f4660] [com.apple.defaults:User Defaults] found no value for key UseSingleSystemColor in CFPrefsSearchListSource<0x600002c14b00> (Domain: com.apple.Accessibility, Container: (null))
2026-04-06 10:30:27.253 Db EllieMinerShiftAssistant[18489:2f4660] [com.apple.Accessibility:AXSupportCommon] CF Read: domain = com.apple.Accessibility, preference = UseSingleSystemColor, appID = (null) result = (null) (-1 - empty, 0 - false, 1 - true)
2026-04-06 10:30:27.253 Db EllieMinerShiftAssistant[18489:2f4660] [com.apple.defaults:User Defaults] found no value for key UseSingleSystemColor in CFPrefsPlistSource<0x600002c14e80> (Domain: com.apple.Accessibility, User: kCFPreferencesCurrentUser, ByHost: No, Container: /Users/user/Library/Developer/CoreSimulator/Devices/85DD3162-206C-44DB-A723-F4B933896B6E/data, Contents Need Refresh: No)
2026-04-06 10:30:27.253 Df EllieMinerShiftAssistant[18489:2f4660] [com.apple.FrontBoard:SceneExtension] Realizing settings extension <_UIApplicationSceneDisplaySettings> on FBSSceneSettings
2026-04-06 10:30:27.253 Db EllieMinerShiftAssistant[18489:2f4660] [com.apple.FrontBoard:SceneExtension] registering method "displayBasedSafeAreaInsetsValue" from extension <_UIApplicationSceneDisplaySettings> on class "FBSSceneSettings"
2026-04-06 10:30:27.253 Db EllieMinerShiftAssistant[18489:2f4660] [com.apple.FrontBoard:SceneExtension] registering method "setDisplayBasedSafeAreaInsetsValue:" from extension <_UIApplicationSceneDisplaySettings> on class "FBSSceneSettings"
2026-04-06 10:30:27.253 Db EllieMinerShiftAssistant[18489:2f4660] [com.apple.defaults:User Defaults] found no value for key UIViewLocalizeOverrideLayoutEngine in CFPrefsSearchListSource<0x600002c0c180> (Domain: com.ellie.minershiftassistant, Container: (null))
2026-04-06 10:30:27.254 Db EllieMinerShiftAssistant[18489:2f4660] [com.apple.CFBundle:resources] Language lookup at CFBundle 0x600003b2e060 </Library/Developer/CoreSimulator/Volumes/iOS_22F77/Library/Developer/CoreSimulator/Profiles/Runtimes/iOS 18.5.simruntime/Contents/Resources/RuntimeRoot/System/Library/PrivateFrameworks/UIKitCore.framework/BoundingPathData.bundle> (not loaded)
	Localizations : [en]
	Dev language  : en
	User prefs    : [en-GH, it-GH, de-GH]
	Main bundle   : [<null>]
	Allow mixed   : 1 
	Result        : [en]
2026-04-06 10:30:27.254 Db EllieMinerShiftAssistant[18489:2f4660] [com.apple.CFBundle:resources] Resource lookup at CFBundle 0x600003b2e060 </Library/Developer/CoreSimulator/Volumes/iOS_22F77/Library/Developer/CoreSimulator/Profiles/Runtimes/iOS 18.5.simruntime/Contents/Resources/RuntimeRoot/System/Library/PrivateFrameworks/UIKitCore.framework/BoundingPathData.bundle> (not loaded)
	Request       : Assets type: car
	Result        : file:///Library/Developer/CoreSimulator/Volumes/iOS_22F77/Library/Developer/CoreSimulator/Profiles/Runtimes/iOS%2018.5.simruntime/Contents/Resources/RuntimeRoot/System/Library/PrivateFrameworks/UIKitCore.framework/BoundingPathData.bundle/Assets.car
2026-04-06 10:30:27.255 Db EllieMinerShiftAssistant[18489:2f4660] [com.apple.defaults:User Defaults] found no value for key NSConstraintBasedLayoutDebug in CFPrefsSearchListSource<0x600002c0c180> (Domain: com.ellie.minershiftassistant, Container: (null))
2026-04-06 10:30:27.255 Db EllieMinerShiftAssistant[18489:2f4660] [com.apple.defaults:User Defaults] found no value for key NSConstraintBasedLayoutAllowUnoptimizedReads in CFPrefsSearchListSource<0x600002c0c180> (Domain: com.ellie.minershiftassistant, Container: (null))
2026-04-06 10:30:27.255 Db EllieMinerShiftAssistant[18489:2f4660] [com.apple.defaults:User Defaults] found no value for key _UIConstraintBasedLayoutPlaySoundWhenEngaged in CFPrefsSearchListSource<0x600002c0c180> (Domain: com.ellie.minershiftassistant, Container: (null))
2026-04-06 10:30:27.255 Db EllieMinerShiftAssistant[18489:2f4660] [com.apple.defaults:User Defaults] found no value for key NSConstraintBasedLayoutDebugEngineConsistency in CFPrefsSearchListSource<0x600002c0c180> (Domain: com.ellie.minershiftassistant, Container: (null))
2026-04-06 10:30:27.255 Db EllieMinerShiftAssistant[18489:2f4660] [com.apple.defaults:User Defaults] found no value for key NSConstraintBasedLayoutVariableChangeTransactions in CFPrefsSearchListSource<0x600002c0c180> (Domain: com.ellie.minershiftassistant, Container: (null))
2026-04-06 10:30:27.255 Db EllieMinerShiftAssistant[18489:2f4660] [com.apple.defaults:User Defaults] found no value for key NSConstraintBasedLayoutDeferOptimization in CFPrefsSearchListSource<0x600002c0c180> (Domain: com.ellie.minershiftassistant, Container: (null))
2026-04-06 10:30:27.255 Db EllieMinerShiftAssistant[18489:2f4660] [com.apple.defaults:User Defaults] found no value for key UIViewControllerDetachedInheritsContentOverlayInsetsFromSuperview in CFPrefsSearchListSource<0x600002c0c180> (Domain: com.ellie.minershiftassistant, Container: (null))
2026-04-06 10:30:27.255 Db EllieMinerShiftAssistant[18489:2f4660] [com.apple.defaults:User Defaults] found no value for key ModernContentOverlayInsetsPropagation in CFPrefsSearchListSource<0x600002c0c180> (Domain: com.ellie.minershiftassistant, Container: (null))
2026-04-06 10:30:27.255 Db EllieMinerShiftAssistant[18489:2f4660] [com.apple.defaults:User Defaults] found no value for key LogOrientation in CFPrefsSearchListSource<0x600002c11000> (Domain: com.apple.UIKit, Container: (null))
2026-04-06 10:30:27.255 Df EllieMinerShiftAssistant[18489:2f4660] [com.apple.UIKit:Orientation] <UIWindowScene: 0x108f08c00> (862E1BF5-BD2F-4275-BFAF-DBBB7A135D46) Scene updated orientation preferences: none -> ( Pu )
2026-04-06 10:30:27.256 Df EllieMinerShiftAssistant[18489:2f4660] [com.apple.UIKit:KeyWindow] Key window API is scene-level: YES
2026-04-06 10:30:27.256 Df EllieMinerShiftAssistant[18489:2f4660] [com.apple.UIKit:KeyWindow] UIWindowScene: 0x108f08c00: Window became key in scene: UIWindow: 0x10e112f40; contextId: 0x64100F52: reason: UIWindowScene: 0x108f08c00: Window requested to become key in scene: 0x10e112f40
2026-04-06 10:30:27.256 Df EllieMinerShiftAssistant[18489:2f4660] [com.apple.UIKit:KeyWindow] Key window needs update: 1; currentKeyWindowScene: 0x0; evaluatedKeyWindowScene: 0x108f08c00; currentApplicationKeyWindow: 0x0; evaluatedApplicationKeyWindow: 0x10e112f40; reason: UIWindowScene: 0x108f08c00: Window requested to become key in scene: 0x10e112f40
2026-04-06 10:30:27.256 Df EllieMinerShiftAssistant[18489:2f4660] [com.apple.UIKit:KeyWindow] Window did become application key: UIWindow: 0x10e112f40; contextId: 0x64100F52; scene identity: com.apple.frontboard.systemappservices/FBSceneManager:sceneID%3Acom.ellie.minershiftassistant-default
2026-04-06 10:30:27.256 Df EllieMinerShiftAssistant[18489:2f4660] [com.apple.UIKit:EventDeferring] [0x600002940850] Begin local event deferring requested for token: 0x6000026285a0; environments: 1; reason: UIWindowScene: 0x108f08c00: Begin event deferring in keyboardFocus for window: 0x10e112f40
2026-04-06 10:30:27.256 Db EllieMinerShiftAssistant[18489:2f4660] [com.apple.BackBoard:EventDelivery] flushing changes: {
    contentsMask: 0x2; deferringRules: [[18489-1]];
}
2026-04-06 10:30:27.257 Db EllieMinerShiftAssistant[18489:2f4660] [com.apple.defaults:User Defaults] found no value for key LogKeyboardFocus in CFPrefsSearchListSource<0x600002c11000> (Domain: com.apple.UIKit, Container: (null))
2026-04-06 10:30:27.257 Db EllieMinerShiftAssistant[18489:2f46bb] [com.apple.CFBundle:resources] Resource lookup at CFBundle 0x600003b081c0 </Users/user/Library/Developer/CoreSimulator/Devices/85DD3162-206C-44DB-A723-F4B933896B6E/data/Containers/Bundle/Application/C67B7437-D239-4035-84EB-B6260A64EE2F/EllieMinerShiftAssistant.app> (executable, loaded)
	Request       : main type: jsbundle
	Result        : file:///Users/user/Library/Developer/CoreSimulator/Devices/85DD3162-206C-44DB-A723-F4B933896B6E/data/Containers/Bundle/Application/C67B7437-D239-4035-84EB-B6260A64EE2F/EllieMinerShiftAssistant.app/main.jsbundle
2026-04-06 10:30:27.257 Db EllieMinerShiftAssistant[18489:2f4660] [com.apple.defaults:User Defaults] found no value for key detoxURLOverride in CFPrefsSearchListSource<0x600002c0c180> (Domain: com.ellie.minershiftassistant, Container: (null))
2026-04-06 10:30:27.257 Df EllieMinerShiftAssistant[18489:2f469e] [com.apple.BackBoard:EventDelivery] policyStatus:<BKSHIDEventDeliveryPolicyObserver: 0x600002136530; token: com.apple.frontboard.systemappservices/FBSceneManager:sceneID%3Acom.ellie.minershiftassistant-default; status: ancestor> was:target
2026-04-06 10:30:27.257 Df EllieMinerShiftAssistant[18489:2f469e] [com.apple.BackBoard:EventDelivery] observerPolicyDidChange: 0x600002136530 -> <_UIKeyWindowSceneObserver: 0x600000c2e4c0>
2026-04-06 10:30:27.257 Db EllieMinerShiftAssistant[18489:2f4660] [com.apple.BackgroundTasks:Framework] Application finished launching
2026-04-06 10:30:27.257 Df EllieMinerShiftAssistant[18489:2f4660] [com.apple.UIKit:Application] Deactivation reason removed: 10; deactivation reasons: 3104 -> 2080; animating application lifecycle event: 1
2026-04-06 10:30:27.257 Db EllieMinerShiftAssistant[18489:2f4660] [com.apple.UIKit:UIDevice.orientation] Setting device orientation to 1 and sending notification.
2026-04-06 10:30:27.257 Db EllieMinerShiftAssistant[18489:2f4660] [com.apple.UIKit:UIDevice.orientation] Setting device orientation to 0 and sending notification.
2026-04-06 10:30:27.258 Df EllieMinerShiftAssistant[18489:2f4660] [com.apple.UIKit:Application] Deactivation reason added: 12; deactivation reasons: 2080 -> 6176; animating application lifecycle event: 1
2026-04-06 10:30:27.258 Df EllieMinerShiftAssistant[18489:2f4660] [com.apple.UIKit:Application] Deactivation reason removed: 11; deactivation reasons: 6176 -> 4128; animating application lifecycle event: 1
2026-04-06 10:30:27.258 Df EllieMinerShiftAssistant[18489:2f469e] [com.apple.UIIntelligenceSupport:xpc] establishing connection to agent
2026-04-06 10:30:27.258 Df EllieMinerShiftAssistant[18489:2f469e] [com.apple.xpc:session] [0x600002103750] Session created.
2026-04-06 10:30:27.258 Df EllieMinerShiftAssistant[18489:2f4660] [com.apple.UIKit:InterfaceStyle] Not push traits update to screen for new style 1, <UIWindowScene: 0x108f08c00> (862E1BF5-BD2F-4275-BFAF-DBBB7A135D46)
2026-04-06 10:30:27.258 Db EllieMinerShiftAssistant[18489:2f4660] [com.apple.BacklightServices:scenes] 0x600000c49260 environment updated:sceneID:com.ellie.minershiftassistant-default
  delta:{ visualState:0 date:0 active:0 seed:0 }
  diff:(null)
  new:(null) (null)
  old:(null) (null)
  new:(null)
2026-04-06 10:30:27.258 Df EllieMinerShiftAssistant[18489:2f469e] [com.apple.xpc:session] [0x600002103750] Session created from connection [0x600003d04960]
2026-04-06 10:30:27.259 Df EllieMinerShiftAssistant[18489:2f469e] [com.apple.xpc:connection] [0x600003d04960] activating connection: mach=true listener=false peer=false name=com.apple.uiintelligencesupport.agent
2026-04-06 10:30:27.259 Df EllieMinerShiftAssistant[18489:2f469e] [com.apple.xpc:session] [0x600002103750] Session activated
2026-04-06 10:30:27.259 Db EllieMinerShiftAssistant[18489:2f4660] [com.apple.defaults:User Defaults] found no value for key NSConstraintBasedLayoutLogPivotCounts in CFPrefsSearchListSource<0x600002c0c180> (Domain: com.ellie.minershiftassistant, Container: (null))
2026-04-06 10:30:27.259 Db EllieMinerShiftAssistant[18489:2f4660] [com.apple.defaults:User Defaults] found no value for key NSConstraintBasedLayoutTrackDirtyObservables in CFPrefsSearchListSource<0x600002c0c180> (Domain: com.ellie.minershiftassistant, Container: (null))
2026-04-06 10:30:27.260 Df EllieMinerShiftAssistant[18489:2f4660] [com.apple.xpc:connection] [0x600003d04690] activating connection: mach=true listener=false peer=false name=com.apple.IOSurface.Remote
2026-04-06 10:30:27.260 Db EllieMinerShiftAssistant[18489:2f4660] (IOSurface) IOSurface connected
2026-04-06 10:30:27.261 Db EllieMinerShiftAssistant[18489:2f4660] [com.apple.defaults:User Defaults] found no value for key CAEnableDeepFramebuffer in CFPrefsSearchListSource<0x600002c0c180> (Domain: com.ellie.minershiftassistant, Container: (null))
2026-04-06 10:30:27.262 Db EllieMinerShiftAssistant[18489:2f46c1] [com.apple.BaseBoard:Common] [BSBlockSentinel:FBSWorkspaceScenesClient] signaled! 1 of 1
2026-04-06 10:30:27.262 Db EllieMinerShiftAssistant[18489:2f46c1] [com.apple.BaseBoard:Common] [BSBlockSentinel:FBSWorkspaceScenesClient] dealloc
2026-04-06 10:30:27.262 Db EllieMinerShiftAssistant[18489:2f4660] [com.apple.CFBundle:resources] Language lookup at CFBundle 0x600003b24000 </Library/Developer/CoreSimulator/Volumes/iOS_22F77/Library/Developer/CoreSimulator/Profiles/Runtimes/iOS 18.5.simruntime/Contents/Resources/RuntimeRoot/System/Library/PrivateFrameworks/UIKitCore.framework> (not loaded)
	Localizations : [de, ur, he, en_AU, ar, el, ja, mr, en, uk, es_419, gu, zh_CN, kn, pa, es, sl, or, da, it, bg, sk, kk, pt_PT, ms, ta, ml, sv, te, cs, ko, no, hu, zh_HK, tr, pl, zh_TW, en_GB, vi, lt, ru, fr_CA, fr, fi, id, nl, th, pt, bn, ro, hr, hi, ca]
	Dev language  : en
	User prefs    : [en-GH, it-GH, de-GH]
	Main bundle   : [<null>]
	Allow mixed   : 1 
	Result        : [en_GB, en]
2026-04-06 10:30:27.262 Db EllieMinerShiftAssistant[18489:2f46bb] [com.apple.CFBundle:resources] Resource lookup at CFBundle 0x600003b081c0 </Users/user/Library/Developer/CoreSimulator/Devices/85DD3162-206C-44DB-A723-F4B933896B6E/data/Containers/Bundle/Application/C67B7437-D239-4035-84EB-B6260A64EE2F/EllieMinerShiftAssistant.app> (executable, loaded)
	Request       : back-icon type: png path: assets/node_modules/@react-navigation/elements/lib/module/assets
	Result        : file:///Users/user/Library/Developer/CoreSimulator/Devices/85DD3162-206C-44DB-A723-F4B933896B6E/data/Containers/Bundle/Application/C67B7437-D239-4035-84EB-B6260A64EE2F/EllieMinerShiftAssistant.app/assets/node_modules/@react-navigation/elements/lib/module/assets/back-icon.png
2026-04-06 10:30:27.262 Db EllieMinerShiftAssistant[18489:2f4660] [com.apple.CFBundle:resources] Resource lookup at CFBundle 0x600003b24000 </Library/Developer/CoreSimulator/Volumes/iOS_22F77/Library/Developer/CoreSimulator/Profiles/Runtimes/iOS 18.5.simruntime/Contents/Resources/RuntimeRoot/System/Library/PrivateFrameworks/UIKitCore.framework> (not loaded)
	Request       : Localizable type: loctable
	Result        : None
2026-04-06 10:30:27.262 Db EllieMinerShiftAssistant[18489:2f4660] [com.apple.CFBundle:resources] Resource lookup at CFBundle 0x600003b24000 </Library/Developer/CoreSimulator/Volumes/iOS_22F77/Library/Developer/CoreSimulator/Profiles/Runtimes/iOS 18.5.simruntime/Contents/Resources/RuntimeRoot/System/Library/PrivateFrameworks/UIKitCore.framework> (not loaded)
	Request       : Localizable type: strings
	Result        : file:///Library/Developer/CoreSimulator/Volumes/iOS_22F77/Library/Developer/CoreSimulator/Profiles/Runtimes/iOS%2018.5.simruntime/Contents/Resources/RuntimeRoot/System/Library/PrivateFrameworks/UIKitCore.framework/en_GB.lproj/Localizable.strings
2026-04-06 10:30:27.262 Db EllieMinerShiftAssistant[18489:2f4660] [com.apple.CFBundle:resources] Resource lookup at CFBundle 0x600003b24000 </Library/Developer/CoreSimulator/Volumes/iOS_22F77/Library/Developer/CoreSimulator/Profiles/Runtimes/iOS 18.5.simruntime/Contents/Resources/RuntimeRoot/System/Library/PrivateFrameworks/UIKitCore.framework> (not loaded)
	Request       : Localizable type: stringsdict
	Result        : file:///Library/Developer/CoreSimulator/Volumes/iOS_22F77/Library/Developer/CoreSimulator/Profiles/Runtimes/iOS%2018.5.simruntime/Contents/Resources/RuntimeRoot/System/Library/PrivateFrameworks/UIKitCore.framework/en_GB.lproj/Localizable.stringsdict
2026-04-06 10:30:27.262 Db EllieMinerShiftAssistant[18489:2f46bb] [com.apple.CFBundle:resources] Resource lookup at CFBundle 0x600003b081c0 </Users/user/Library/Developer/CoreSimulator/Devices/85DD3162-206C-44DB-A723-F4B933896B6E/data/Containers/Bundle/Application/C67B7437-D239-4035-84EB-B6260A64EE2F/EllieMinerShiftAssistant.app> (executable, loaded)
	Request       : back-icon@2x type: png path: assets/node_modules/@react-navigation/elements/lib/module/assets
	Result        : file:///Users/user/Library/Developer/CoreSimulator/Devices/85DD3162-206C-44DB-A723-F4B933896B6E/data/Containers/Bundle/Application/C67B7437-D239-4035-84EB-B6260A64EE2F/EllieMinerShiftAssistant.app/assets/node_modules/@react-navigation/elements/lib/module/assets/back-icon@2x.png
2026-04-06 10:30:27.263 Db EllieMinerShiftAssistant[18489:2f46bb] [com.apple.CFBundle:resources] Resource lookup at CFBundle 0x600003b081c0 </Users/user/Library/Developer/CoreSimulator/Devices/85DD3162-206C-44DB-A723-F4B933896B6E/data/Containers/Bundle/Application/C67B7437-D239-4035-84EB-B6260A64EE2F/EllieMinerShiftAssistant.app> (executable, loaded)
	Request       : back-icon@3x type: png path: assets/node_modules/@react-navigation/elements/lib/module/assets
	Result        : file:///Users/user/Library/Developer/CoreSimulator/Devices/85DD3162-206C-44DB-A723-F4B933896B6E/data/Containers/Bundle/Application/C67B7437-D239-4035-84EB-B6260A64EE2F/EllieMinerShiftAssistant.app/assets/node_modules/@react-navigation/elements/lib/module/assets/back-icon@3x.png
2026-04-06 10:30:27.263 Db EllieMinerShiftAssistant[18489:2f46c1] [com.apple.runningboard:message] PERF: [app<com.ellie.minershiftassistant((null))>:18489] Received message from runningboardd: async_didChangeInheritances:completion:
2026-04-06 10:30:27.263 A  EllieMinerShiftAssistant[18489:2f46c1] (RunningBoardServices) didChangeInheritances
2026-04-06 10:30:27.263 Db EllieMinerShiftAssistant[18489:2f4660] [com.apple.defaults:User Defaults] found no value for key NSDoubleLocalizedStrings in CFPrefsSearchListSource<0x600002c0c180> (Domain: com.ellie.minershiftassistant, Container: (null))
2026-04-06 10:30:27.263 Db EllieMinerShiftAssistant[18489:2f4660] [com.apple.defaults:User Defaults] found no value for key NSForceRightToLeftLocalizedStrings in CFPrefsSearchListSource<0x600002c0c180> (Domain: com.ellie.minershiftassistant, Container: (null))
2026-04-06 10:30:27.263 Db EllieMinerShiftAssistant[18489:2f4660] [com.apple.defaults:User Defaults] found no value for key NSAccentuateLocalizedStrings in CFPrefsSearchListSource<0x600002c0c180> (Domain: com.ellie.minershiftassistant, Container: (null))
2026-04-06 10:30:27.263 Db EllieMinerShiftAssistant[18489:2f4660] [com.apple.defaults:User Defaults] found no value for key NSSurroundLocalizedStrings in CFPrefsSearchListSource<0x600002c0c180> (Domain: com.ellie.minershiftassistant, Container: (null))
2026-04-06 10:30:27.263 Db EllieMinerShiftAssistant[18489:2f4660] [com.apple.defaults:User Defaults] found no value for key NSTallLocalizedStrings in CFPrefsSearchListSource<0x600002c0c180> (Domain: com.ellie.minershiftassistant, Container: (null))
2026-04-06 10:30:27.263 Db EllieMinerShiftAssistant[18489:2f4660] [com.apple.CFBundle:strings] Bundle: CFBundle 0x600003b24000 </Library/Developer/CoreSimulator/Volumes/iOS_22F77/Library/Developer/CoreSimulator/Profiles/Runtimes/iOS 18.5.simruntime/Contents/Resources/RuntimeRoot/System/Library/PrivateFrameworks/UIKitCore.framework> (not loaded), key: Duplicate, value: Duplicate, table: Localizable, localizationNames: (null), result: Duplicate
2026-04-06 10:30:27.263 Db EllieMinerShiftAssistant[18489:2f4660] [com.apple.CFBundle:strings] Bundle: CFBundle 0x600003b24000 </Library/Developer/CoreSimulator/Volumes/iOS_22F77/Library/Developer/CoreSimulator/Profiles/Runtimes/iOS 18.5.simruntime/Contents/Resources/RuntimeRoot/System/Library/PrivateFrameworks/UIKitCore.framework> (not loaded), key: Move, value: Move, table: Localizable, localizationNames: (null), result: Move
2026-04-06 10:30:27.263 Db EllieMinerShiftAssistant[18489:2f4660] [com.apple.CFBundle:strings] Bundle: CFBundle 0x600003b24000 </Library/Developer/CoreSimulator/Volumes/iOS_22F77/Library/Developer/CoreSimulator/Profiles/Runtimes/iOS 18.5.simruntime/Contents/Resources/RuntimeRoot/System/Library/PrivateFrameworks/UIKitCore.framework> (not loaded), key: Rename, value: Rename, table: Localizable, localizationNames: (null), result: Rename
2026-04-06 10:30:27.263 Db EllieMinerShiftAssistant[18489:2f4660] [com.apple.CFBundle:strings] Bundle: CFBundle 0x600003b24000 </Library/Developer/CoreSimulator/Volumes/iOS_22F77/Library/Developer/CoreSimulator/Profiles/Runtimes/iOS 18.5.simruntime/Contents/Resources/RuntimeRoot/System/Library/PrivateFrameworks/UIKitCore.framework> (not loaded), key: Export, value: Export, table: Localizable, localizationNames: (null), result: Export
2026-04-06 10:30:27.263 Db EllieMinerShiftAssistant[18489:2f4660] [com.apple.CFBundle:strings] Bundle: CFBundle 0x600003b24000 </Library/Developer/CoreSimulator/Volumes/iOS_22F77/Library/Developer/CoreSimulator/Profiles/Runtimes/iOS 18.5.simruntime/Contents/Resources/RuntimeRoot/System/Library/PrivateFrameworks/UIKitCore.framework> (not loaded), key: Copy[Menu], value: Copy, table: Localizable, localizationNames: (null), result: Copy
2026-04-06 10:30:27.263 Db EllieMinerShiftAssistant[18489:2f4660] [com.apple.CFBundle:strings] Bundle: CFBundle 0x600003b24000 </Library/Developer/CoreSimulator/Volumes/iOS_22F77/Library/Developer/CoreSimulator/Profiles/Runtimes/iOS 18.5.simruntime/Contents/Resources/RuntimeRoot/System/Library/PrivateFrameworks/UIKitCore.framework> (not loaded), key: Cut, value: Cut, table: Localizable, localizationNames: (null), result: Cut
2026-04-06 10:30:27.263 Db EllieMinerShiftAssistant[18489:2f4660] [com.apple.CFBundle:strings] Bundle: CFBundle 0x600003b24000 </Library/Developer/CoreSimulator/Volumes/iOS_22F77/Library/Developer/CoreSimulator/Profiles/Runtimes/iOS 18.5.simruntime/Contents/Resources/RuntimeRoot/System/Library/PrivateFrameworks/UIKitCore.framework> (not loaded), key: Smaller, value: Smaller, table: Localizable, localizationNames: (null), result: Smaller
2026-04-06 10:30:27.263 Db EllieMinerShiftAssistant[18489:2f4660] [com.apple.CFBundle:strings] Bundle: CFBundle 0x600003b24000 </Library/Developer/CoreSimulator/Volumes/iOS_22F77/Library/Developer/CoreSimulator/Profiles/Runtimes/iOS 18.5.simruntime/Contents/Resources/RuntimeRoot/System/Library/PrivateFrameworks/UIKitCore.framework> (not loaded), key: Delete[Menu], value: Delete, table: Localizable, localizationNames: (null), result: Delete
2026-04-06 10:30:27.264 Db EllieMinerShiftAssistant[18489:2f4660] [com.apple.CFBundle:strings] Bundle: CFBundle 0x600003b24000 </Library/Developer/CoreSimulator/Volumes/iOS_22F77/Library/Developer/CoreSimulator/Profiles/Runtimes/iOS 18.5.simruntime/Contents/Resources/RuntimeRoot/System/Library/PrivateFrameworks/UIKitCore.framework> (not loaded), key: Bigger, value: Bigger, table: Localizable, localizationNames: (null), result: Bigger
2026-04-06 10:30:27.264 Db EllieMinerShiftAssistant[18489:2f4660] [com.apple.CFBundle:strings] Bundle: CFBundle 0x600003b24000 </Library/Developer/CoreSimulator/Volumes/iOS_22F77/Library/Developer/CoreSimulator/Profiles/Runtimes/iOS 18.5.simruntime/Contents/Resources/RuntimeRoot/System/Library/PrivateFrameworks/UIKitCore.framework> (not loaded), key: Default, value: Default, table: Localizable, localizationNames: (null), result: Default
2026-04-06 10:30:27.264 Db EllieMinerShiftAssistant[18489:2f4660] [com.apple.CFBundle:strings] Bundle: CFBundle 0x600003b24000 </Library/Developer/CoreSimulator/Volumes/iOS_22F77/Library/Developer/CoreSimulator/Profiles/Runtimes/iOS 18.5.simruntime/Contents/Resources/RuntimeRoot/System/Library/PrivateFrameworks/UIKitCore.framework> (not loaded), key: Left to Right, value: Left to Right, table: Localizable, localizationNames: (null), result: Left to Right
2026-04-06 10:30:27.264 Db EllieMinerShiftAssistant[18489:2f4660] [com.apple.CFBundle:strings] Bundle: CFBundle 0x600003b24000 </Library/Developer/CoreSimulator/Volumes/iOS_22F77/Library/Developer/CoreSimulator/Profiles/Runtimes/iOS 18.5.simruntime/Contents/Resources/RuntimeRoot/System/Library/PrivateFrameworks/UIKitCore.framework> (not loaded), key: Right to Left, value: Right to Left, table: Localizable, localizationNames: (null), result: Right to Left
2026-04-06 10:30:27.264 Db EllieMinerShiftAssistant[18489:2f4660] [com.apple.CFBundle:strings] Bundle: CFBundle 0x600003b24000 </Library/Developer/CoreSimulator/Volumes/iOS_22F77/Library/Developer/CoreSimulator/Profiles/Runtimes/iOS 18.5.simruntime/Contents/Resources/RuntimeRoot/System/Library/PrivateFrameworks/UIKitCore.framework> (not loaded), key: Paste, value: Paste, table: Localizable, localizationNames: (null), result: Paste
2026-04-06 10:30:27.264 Db EllieMinerShiftAssistant[18489:2f4660] [com.apple.CFBundle:strings] Bundle: CFBundle 0x600003b24000 </Library/Developer/CoreSimulator/Volumes/iOS_22F77/Library/Developer/CoreSimulator/Profiles/Runtimes/iOS 18.5.simruntime/Contents/Resources/RuntimeRoot/System/Library/PrivateFrameworks/UIKitCore.framework> (not loaded), key: Paste and Match Style, value: Paste and Match Style, table: Localizable, localizationNames: (null), result: Paste and Match Style
2026-04-06 10:30:27.264 Db EllieMinerShiftAssistant[18489:2f4660] [com.apple.CFBundle:strings] Bundle: CFBundle 0x600003b24000 </Library/Developer/CoreSimulator/Volumes/iOS_22F77/Library/Developer/CoreSimulator/Profiles/Runtimes/iOS 18.5.simruntime/Contents/Resources/RuntimeRoot/System/Library/PrivateFrameworks/UIKitCore.framework> (not loaded), key: Redo, value: Redo, table: Localizable, localizationNames: (null), result: Redo
2026-04-06 10:30:27.264 Db EllieMinerShiftAssistant[18489:2f4660] [com.apple.CFBundle:strings] Bundle: CFBundle 0x600003b24000 </Library/Developer/CoreSimulator/Volumes/iOS_22F77/Library/Developer/CoreSimulator/Profiles/Runtimes/iOS 18.5.simruntime/Contents/Resources/RuntimeRoot/System/Library/PrivateFrameworks/UIKitCore.framework> (not loaded), key: Select, value: Select, table: Localizable, localizationNames: (null), result: Select
2026-04-06 10:30:27.264 Db EllieMinerShiftAssistant[18489:2f4660] [com.apple.CFBundle:strings] Bundle: CFBundle 0x600003b24000 </Library/Developer/CoreSimulator/Volumes/iOS_22F77/Library/Developer/CoreSimulator/Profiles/Runtimes/iOS 18.5.simruntime/Contents/Resources/RuntimeRoot/System/Library/PrivateFrameworks/UIKitCore.framework> (not loaded), key: Select All, value: Select All, table: Localizable, localizationNames: (null), result: Select All
2026-04-06 10:30:27.264 Db EllieMinerShiftAssistant[18489:2f4660] [com.apple.CFBundle:strings] Bundle: CFBundle 0x600003b24000 </Library/Developer/CoreSimulator/Volumes/iOS_22F77/Library/Developer/CoreSimulator/Profiles/Runtimes/iOS 18.5.simruntime/Contents/Resources/RuntimeRoot/System/Library/PrivateFrameworks/UIKitCore.framework> (not loaded), key: TEXT_FORMATTING_MORE, value: More…, table: Localizable, localizationNames: (null), result: More…
2026-04-06 10:30:27.265 Db EllieMinerShiftAssistant[18489:2f4660] [com.apple.CFBundle:strings] Bundle: CFBundle 0x600003b24000 </Library/Developer/CoreSimulator/Volumes/iOS_22F77/Library/Developer/CoreSimulator/Profiles/Runtimes/iOS 18.5.simruntime/Contents/Resources/RuntimeRoot/System/Library/PrivateFrameworks/UIKitCore.framework> (not loaded), key: Bold, value: Bold, table: Localizable, localizationNames: (null), result: Bold
2026-04-06 10:30:27.265 Db EllieMinerShiftAssistant[18489:2f4660] [com.apple.CFBundle:strings] Bundle: CFBundle 0x600003b24000 </Library/Developer/CoreSimulator/Volumes/iOS_22F77/Library/Developer/CoreSimulator/Profiles/Runtimes/iOS 18.5.simruntime/Contents/Resources/RuntimeRoot/System/Library/PrivateFrameworks/UIKitCore.framework> (not loaded), key: Italic, value: Italic, table: Localizable, localizationNames: (null), result: Italic
2026-04-06 10:30:27.265 Db EllieMinerShiftAssistant[18489:2f4660] [com.apple.CFBundle:strings] Bundle: CFBundle 0x600003b24000 </Library/Developer/CoreSimulator/Volumes/iOS_22F77/Library/Developer/CoreSimulator/Profiles/Runtimes/iOS 18.5.simruntime/Contents/Resources/RuntimeRoot/System/Library/PrivateFrameworks/UIKitCore.framework> (not loaded), key: Underline, value: Underline, table: Localizable, localizationNames: (null), result: Underline
2026-04-06 10:30:27.265 Db EllieMinerShiftAssistant[18489:2f4660] [com.apple.CFBundle:strings] Bundle: CFBundle 0x600003b24000 </Library/Developer/CoreSimulator/Volumes/iOS_22F77/Library/Developer/CoreSimulator/Profiles/Runtimes/iOS 18.5.simruntime/Contents/Resources/RuntimeRoot/System/Library/PrivateFrameworks/UIKitCore.framework> (not loaded), key: Undo, value: Undo, table: Localizable, localizationNames: (null), result: Undo
2026-04-06 10:30:27.265 Db EllieMinerShiftAssistant[18489:2f4660] [com.apple.CFBundle:strings] Bundle: CFBundle 0x600003b24000 </Library/Developer/CoreSimulator/Volumes/iOS_22F77/Library/Developer/CoreSimulator/Profiles/Runtimes/iOS 18.5.simruntime/Contents/Resources/RuntimeRoot/System/Library/PrivateFrameworks/UIKitCore.framework> (not loaded), key: Pause, value: Pause, table: Localizable, localizationNames: (null), result: Pause
2026-04-06 10:30:27.265 Db EllieMinerShiftAssistant[18489:2f4660] [com.apple.CFBundle:strings] Bundle: CFBundle 0x600003b24000 </Library/Developer/CoreSimulator/Volumes/iOS_22F77/Library/Developer/CoreSimulator/Profiles/Runtimes/iOS 18.5.simruntime/Contents/Resources/RuntimeRoot/System/Library/PrivateFrameworks/UIKitCore.framework> (not loaded), key: Speak, value: Speak, table: Localizable, localizationNames: (null), result: Speak
2026-04-06 10:30:27.265 Db EllieMinerShiftAssistant[18489:2f4660] [com.apple.CFBundle:strings] Bundle: CFBundle 0x600003b24000 </Library/Developer/CoreSimulator/Volumes/iOS_22F77/Library/Developer/CoreSimulator/Profiles/Runtimes/iOS 18.5.simruntime/Contents/Resources/RuntimeRoot/System/Library/PrivateFrameworks/UIKitCore.framework> (not loaded), key: Speak…, value: Speak…, table: Localizable, localizationNames: (null), result: Speak…
2026-04-06 10:30:27.265 Db EllieMinerShiftAssistant[18489:2f4660] [com.apple.CFBundle:strings] Bundle: CFBundle 0x600003b24000 </Library/Developer/CoreSimulator/Volumes/iOS_22F77/Library/Developer/CoreSimulator/Profiles/Runtimes/iOS 18.5.simruntime/Contents/Resources/RuntimeRoot/System/Library/PrivateFrameworks/UIKitCore.framework> (not loaded), key: Learn…, value: Learn…, table: Localizable, localizationNames: (null), result: Learn…
2026-04-06 10:30:27.265 Db EllieMinerShiftAssistant[18489:2f4660] [com.apple.CFBundle:strings] Bundle: CFBundle 0x600003b24000 </Library/Developer/CoreSimulator/Volumes/iOS_22F77/Library/Developer/CoreSimulator/Profiles/Runtimes/iOS 18.5.simruntime/Contents/Resources/RuntimeRoot/System/Library/PrivateFrameworks/UIKitCore.framework> (not loaded), key: Look Up, value: Look Up, table: Localizable, localizationNames: (null), result: Look Up
2026-04-06 10:30:27.265 Db EllieMinerShiftAssistant[18489:2f4660] [com.apple.CFBundle:strings] Bundle: CFBundle 0x600003b24000 </Library/Developer/CoreSimulator/Volumes/iOS_22F77/Library/Developer/CoreSimulator/Profiles/Runtimes/iOS 18.5.simruntime/Contents/Resources/RuntimeRoot/System/Library/PrivateFrameworks/UIKitCore.framework> (not loaded), key: Insert Drawing, value: Insert Drawing, table: Localizable, localizationNames: (null), result: Insert Drawing
2026-04-06 10:30:27.265 Db EllieMinerShiftAssistant[18489:2f4660] [com.apple.CFBundle:strings] Bundle: CFBundle 0x600003b24000 </Library/Developer/CoreSimulator/Volumes/iOS_22F77/Library/Developer/CoreSimulator/Profiles/Runtimes/iOS 18.5.simruntime/Contents/Resources/RuntimeRoot/System/Library/PrivateFrameworks/UIKitCore.framework> (not loaded), key: Look Up, value: Look Up, table: Localizable, localizationNames: (null), result: Look Up
2026-04-06 10:30:27.265 Db EllieMinerShiftAssistant[18489:2f4660] [com.apple.CFBundle:strings] Bundle: CFBundle 0x600003b24000 </Library/Developer/CoreSimulator/Volumes/iOS_22F77/Library/Developer/CoreSimulator/Profiles/Runtimes/iOS 18.5.simruntime/Contents/Resources/RuntimeRoot/System/Library/PrivateFrameworks/UIKitCore.framework> (not loaded), key: Replace…, value: Replace…, table: Localizable, localizationNames: (null), result: Replace…
2026-04-06 10:30:27.265 Db EllieMinerShiftAssistant[18489:2f4660] [com.apple.CFBundle:strings] Bundle: CFBundle 0x600003b24000 </Library/Developer/CoreSimulator/Volumes/iOS_22F77/Library/Developer/CoreSimulator/Profiles/Runtimes/iOS 18.5.simruntime/Contents/Resources/RuntimeRoot/System/Library/PrivateFrameworks/UIKitCore.framework> (not loaded), key: Share…, value: Share…, table: Localizable, localizationNames: (null), result: Share…
2026-04-06 10:30:27.265 Db EllieMinerShiftAssistant[18489:2f4660] [com.apple.CFBundle:strings] Bundle: CFBundle 0x600003b24000 </Library/Developer/CoreSimulator/Volumes/iOS_22F77/Library/Developer/CoreSimulator/Profiles/Runtimes/iOS 18.5.simruntime/Contents/Resources/RuntimeRoot/System/Library/PrivateFrameworks/UIKitCore.framework> (not loaded), key: Find, value: Find, table: Localizable, localizationNames: (null), result: Find
2026-04-06 10:30:27.265 Db EllieMinerShiftAssistant[18489:2f4660] [com.apple.CFBundle:strings] Bundle: CFBundle 0x600003b24000 </Library/Developer/CoreSimulator/Volumes/iOS_22F77/Library/Developer/CoreSimulator/Profiles/Runtimes/iOS 18.5.simruntime/Contents/Resources/RuntimeRoot/System/Library/PrivateFrameworks/UIKitCore.framework> (not loaded), key: Find & Replace, value: Find & Replace, table: Localizable, localizationNames: (null), result: Find & Replace
2026-04-06 10:30:27.266 Db EllieMinerShiftAssistant[18489:2f4660] [com.apple.CFBundle:strings] Bundle: CFBundle 0x600003b24000 </Library/Developer/CoreSimulator/Volumes/iOS_22F77/Library/Developer/CoreSimulator/Profiles/Runtimes/iOS 18.5.simruntime/Contents/Resources/RuntimeRoot/System/Library/PrivateFrameworks/UIKitCore.framework> (not loaded), key: Find Next, value: Find Next, table: Localizable, localizationNames: (null), result: Find Next
2026-04-06 10:30:27.266 Db EllieMinerShiftAssistant[18489:2f4660] [com.apple.CFBundle:strings] Bundle: CFBundle 0x600003b24000 </Library/Developer/CoreSimulator/Volumes/iOS_22F77/Library/Developer/CoreSimulator/Profiles/Runtimes/iOS 18.5.simruntime/Contents/Resources/RuntimeRoot/System/Library/PrivateFrameworks/UIKitCore.framework> (not loaded), key: Find Previous, value: Find Previous, table: Localizable, localizationNames: (null), result: Find Previous
2026-04-06 10:30:27.266 Db EllieMinerShiftAssistant[18489:2f4660] [com.apple.CFBundle:strings] Bundle: CFBundle 0x600003b24000 </Library/Developer/CoreSimulator/Volumes/iOS_22F77/Library/Developer/CoreSimulator/Profiles/Runtimes/iOS 18.5.simruntime/Contents/Resources/RuntimeRoot/System/Library/PrivateFrameworks/UIKitCore.framework> (not loaded), key: Use Selection for Find, value: Use Selection for Find, table: Localizable, localizationNames: (null), result: Use Selection for Find
2026-04-06 10:30:27.263 Db EllieMinerShiftAssistant[18489:2f46bb] [com.apple.CFBundle:resources] Resource lookup at CFBundle 0x600003b081c0 </Users/user/Library/Developer/CoreSimulator/Devices/85DD3162-206C-44DB-A723-F4B933896B6E/data/Containers/Bundle/Application/C67B7437-D239-4035-84EB-B6260A64EE2F/EllieMinerShiftAssistant.app> (executable, loaded)
	Request       : back-icon-mask type: png path: assets/node_modules/@react-navigation/elements/lib/module/assets
	Result        : file:///Users/user/Library/Developer/CoreSimulator/Devices/85DD3162-206C-44DB-A723-F4B933896B6E/data/Containers/Bundle/Application/C67B7437-D239-4035-84EB-B6260A64EE2F/EllieMinerShiftAssistant.app/assets/node_modules/@react-navigation/elements/lib/module/assets/back-icon-mask.png
2026-04-06 10:30:27.266 Db EllieMinerShiftAssistant[18489:2f4660] [com.apple.CFBundle:strings] Bundle: CFBundle 0x600003b24000 </Library/Developer/CoreSimulator/Volumes/iOS_22F77/Library/Developer/CoreSimulator/Profiles/Runtimes/iOS 18.5.simruntime/Contents/Resources/RuntimeRoot/System/Library/PrivateFrameworks/UIKitCore.framework> (not loaded), key: Find Selection, value: Find Selection, table: Localizable, localizationNames: (null), result: Find Selection
2026-04-06 10:30:27.263 Db EllieMinerShiftAssistant[18489:2f46c1] [com.apple.runningboard:connection] didChangeInheritances: <RBSInheritanceChangeSet| gained:{(
    <RBSInheritance| environment:UIScene:com.apple.frontboard.systemappservices/FBSceneManager:sceneID%3Acom.ellie.minershiftassistant-default name:com.apple.frontboard.visibility origID:18238-18235-183 payload 14346615290047598671>
)} lost:(null)>
2026-04-06 10:30:27.266 Db EllieMinerShiftAssistant[18489:2f4660] [com.apple.CFBundle:strings] Bundle: CFBundle 0x600003b24000 </Library/Developer/CoreSimulator/Volumes/iOS_22F77/Library/Developer/CoreSimulator/Profiles/Runtimes/iOS 18.5.simruntime/Contents/Resources/RuntimeRoot/System/Library/PrivateFrameworks/UIKitCore.framework> (not loaded), key: Open..., value: Open..., table: Localizable, localizationNames: (null), result: Open...
2026-04-06 10:30:27.266 Db EllieMinerShiftAssistant[18489:2f4660] [com.apple.CFBundle:strings] Bundle: CFBundle 0x600003b24000 </Library/Developer/CoreSimulator/Volumes/iOS_22F77/Library/Developer/CoreSimulator/Profiles/Runtimes/iOS 18.5.simruntime/Contents/Resources/RuntimeRoot/System/Library/PrivateFrameworks/UIKitCore.framework> (not loaded), key: Open in New Window, value: Open in New Window, table: Localizable, localizationNames: (null), result: Open in New Window
2026-04-06 10:30:27.266 Db EllieMinerShiftAssistant[18489:2f4660] [com.apple.CFBundle:strings] Bundle: CFBundle 0x600003b24000 </Library/Developer/CoreSimulator/Volumes/iOS_22F77/Library/Developer/CoreSimulator/Profiles/Runtimes/iOS 18.5.simruntime/Contents/Resources/RuntimeRoot/System/Library/PrivateFrameworks/UIKitCore.framework> (not loaded), key: Show Sidebar, value: Show Sidebar, table: Localizable, localizationNames: (null), result: Show Sidebar
2026-04-06 10:30:27.266 Db EllieMinerShiftAssistant[18489:2f4660] [com.apple.CFBundle:strings] Bundle: CFBundle 0x600003b24000 </Library/Developer/CoreSimulator/Volumes/iOS_22F77/Library/Developer/CoreSimulator/Profiles/Runtimes/iOS 18.5.simruntime/Contents/Resources/RuntimeRoot/System/Library/PrivateFrameworks/UIKitCore.framework> (not loaded), key: Print, value: Print, table: Localizable, localizationNames: (null), result: Print
2026-04-06 10:30:27.266 Db EllieMinerShiftAssistant[18489:2f4660] [com.apple.CFBundle:strings] Bundle: CFBundle 0x600003b24000 </Library/Developer/CoreSimulator/Volumes/iOS_22F77/Library/Developer/CoreSimulator/Profiles/Runtimes/iOS 18.5.simruntime/Contents/Resources/RuntimeRoot/System/Library/PrivateFrameworks/UIKitCore.framework> (not loaded), key: Dictation, value: Dictation, table: Localizable, localizationNames: (null), result: Dictation
2026-04-06 10:30:27.266 Db EllieMinerShiftAssistant[18489:2f4660] [com.apple.CFBundle:strings] Bundle: CFBundle 0x600003b24000 </Library/Developer/CoreSimulator/Volumes/iOS_22F77/Library/Developer/CoreSimulator/Profiles/Runtimes/iOS 18.5.simruntime/Contents/Resources/RuntimeRoot/System/Library/PrivateFrameworks/UIKitCore.framework> (not loaded), key: Emoji, value: Emoji, table: Localizable, localizationNames: (null), result: Emoji
2026-04-06 10:30:27.266 Db EllieMinerShiftAssistant[18489:2f4660] [com.apple.CFBundle:strings] Bundle: CFBundle 0x600003b24000 </Library/Developer/CoreSimulator/Volumes/iOS_22F77/Library/Developer/CoreSimulator/Profiles/Runtimes/iOS 18.5.simruntime/Contents/Resources/RuntimeRoot/System/Library/PrivateFrameworks/UIKitCore.framework> (not loaded), key: Scan Text, value: Scan Text, table: Localizable, localizationNames: (null), result: Scan Text
2026-04-06 10:30:27.266 Db EllieMinerShiftAssistant[18489:2f4660] [com.apple.CFBundle:strings] Bundle: CFBundle 0x600003b24000 </Library/Developer/CoreSimulator/Volumes/iOS_22F77/Library/Developer/CoreSimulator/Profiles/Runtimes/iOS 18.5.simruntime/Contents/Resources/RuntimeRoot/System/Library/PrivateFrameworks/UIKitCore.framework> (not loaded), key: Translate, value: Translate, table: Localizable, localizationNames: (null), result: Translate
2026-04-06 10:30:27.266 Db EllieMinerShiftAssistant[18489:2f4660] [com.apple.CFBundle:strings] Bundle: CFBundle 0x600003b24000 </Library/Developer/CoreSimulator/Volumes/iOS_22F77/Library/Developer/CoreSimulator/Profiles/Runtimes/iOS 18.5.simruntime/Contents/Resources/RuntimeRoot/System/Library/PrivateFrameworks/UIKitCore.framework> (not loaded), key: Close, value: Close, table: Localizable, localizationNames: (null), result: Close
2026-04-06 10:30:27.266 Db EllieMinerShiftAssistant[18489:2f4660] [com.apple.CFBundle:strings] Bundle: CFBundle 0x600003b24000 </Library/Developer/CoreSimulator/Volumes/iOS_22F77/Library/Developer/CoreSimulator/Profiles/Runtimes/iOS 18.5.simruntime/Contents/Resources/RuntimeRoot/System/Library/PrivateFrameworks/UIKitCore.framework> (not loaded), key: Writing Tools, value: Writing Tools, table: Localizable, localizationNames: (null), result: Writing Tools
2026-04-06 10:30:27.266 Db EllieMinerShiftAssistant[18489:2f469e] [com.apple.runningboard:message] PERF: [app<com.ellie.minershiftassistant((null))>:18489] Received message from runningboardd: async_didChangeInheritances:completion:
2026-04-06 10:30:27.266 Db EllieMinerShiftAssistant[18489:2f46bb] [com.apple.CFBundle:resources] Resource lookup at CFBundle 0x600003b081c0 </Users/user/Library/Developer/CoreSimulator/Devices/85DD3162-206C-44DB-A723-F4B933896B6E/data/Containers/Bundle/Application/C67B7437-D239-4035-84EB-B6260A64EE2F/EllieMinerShiftAssistant.app> (executable, loaded)
	Request       : clear-icon type: png path: assets/node_modules/@react-navigation/elements/lib/module/assets
	Result        : file:///Users/user/Library/Developer/CoreSimulator/Devices/85DD3162-206C-44DB-A723-F4B933896B6E/data/Containers/Bundle/Application/C67B7437-D239-4035-84EB-B6260A64EE2F/EllieMinerShiftAssistant.app/assets/node_modules/@react-navigation/elements/lib/module/assets/clear-icon.png
2026-04-06 10:30:27.266 Db EllieMinerShiftAssistant[18489:2f4660] [com.apple.CFBundle:resources] Resource lookup at CFBundle 0x600003b081c0 </Users/user/Library/Developer/CoreSimulator/Devices/85DD3162-206C-44DB-A723-F4B933896B6E/data/Containers/Bundle/Application/C67B7437-D239-4035-84EB-B6260A64EE2F/EllieMinerShiftAssistant.app> (executable, loaded)
	Request       : InfoPlist type: strings
	Result        : None
2026-04-06 10:30:27.266 Db EllieMinerShiftAssistant[18489:2f4660] [com.apple.CFBundle:resources] Resource lookup at CFBundle 0x600003b081c0 </Users/user/Library/Developer/CoreSimulator/Devices/85DD3162-206C-44DB-A723-F4B933896B6E/data/Containers/Bundle/Application/C67B7437-D239-4035-84EB-B6260A64EE2F/EllieMinerShiftAssistant.app> (executable, loaded)
	Request       : InfoPlist type: stringsdict
	Result        : None
2026-04-06 10:30:27.267 Db EllieMinerShiftAssistant[18489:2f4660] [com.apple.CFBundle:strings] Bundle: CFBundle 0x600003b24000 </Library/Developer/CoreSimulator/Volumes/iOS_22F77/Library/Developer/CoreSimulator/Profiles/Runtimes/iOS 18.5.simruntime/Contents/Resources/RuntimeRoot/System/Library/PrivateFrameworks/UIKitCore.framework> (not loaded), key: KEYSHORTCUTHUDITEM_APP_SERVICES, value: Services, table: Localizable, localizationNames: (null), result: Services
2026-04-06 10:30:27.267 Db EllieMinerShiftAssistant[18489:2f4660] [com.apple.CFBundle:strings] Bundle: CFBundle 0x600003b24000 </Library/Developer/CoreSimulator/Volumes/iOS_22F77/Library/Developer/CoreSimulator/Profiles/Runtimes/iOS 18.5.simruntime/Contents/Resources/RuntimeRoot/System/Library/PrivateFrameworks/UIKitCore.framework> (not loaded), key: KEYSHORTCUTHUD_FILE, value: File, table: Localizable, localizationNames: (null), result: File
2026-04-06 10:30:27.267 Db EllieMinerShiftAssistant[18489:2f4660] [com.apple.CFBundle:strings] Bundle: CFBundle 0x600003b24000 </Library/Developer/CoreSimulator/Volumes/iOS_22F77/Library/Developer/CoreSimulator/Profiles/Runtimes/iOS 18.5.simruntime/Contents/Resources/RuntimeRoot/System/Library/PrivateFrameworks/UIKitCore.framework> (not loaded), key: KEYSHORTCUTHUD_EDIT, value: Edit, table: Localizable, localizationNames: (null), result: Edit
2026-04-06 10:30:27.267 Db EllieMinerShiftAssistant[18489:2f4660] [com.apple.CFBundle:strings] Bundle: CFBundle 0x600003b24000 </Library/Developer/CoreSimulator/Volumes/iOS_22F77/Library/Developer/CoreSimulator/Profiles/Runtimes/iOS 18.5.simruntime/Contents/Resources/RuntimeRoot/System/Library/PrivateFrameworks/UIKitCore.framework> (not loaded), key: KEYSHORTCUTHUDITEM_EDIT_SPELLING_AND_GRAMMAR, value: Spelling and Grammar, table: Localizable, localizationNames: (null), result: Spelling and Grammar
2026-04-06 10:30:27.266 A  EllieMinerShiftAssistant[18489:2f469e] (RunningBoardServices) didChangeInheritances
