2026-04-06 10:30:27.267 Db EllieMinerShiftAssistant[18489:2f4660] [com.apple.CFBundle:strings] Bundle: CFBundle 0x600003b24000 </Library/Developer/CoreSimulator/Volumes/iOS_22F77/Library/Developer/CoreSimulator/Profiles/Runtimes/iOS 18.5.simruntime/Contents/Resources/RuntimeRoot/System/Library/PrivateFrameworks/UIKitCore.framework> (not loaded), key: KEYSHORTCUTHUDITEM_EDIT_SUBSTITUTIONS, value: Substitutions, table: Localizable, localizationNames: (null), result: Substitutions
2026-04-06 10:30:27.266 Db EllieMinerShiftAssistant[18489:2f46bb] [com.apple.CFBundle:resources] Resource lookup at CFBundle 0x600003b081c0 </Users/user/Library/Developer/CoreSimulator/Devices/85DD3162-206C-44DB-A723-F4B933896B6E/data/Containers/Bundle/Application/C67B7437-D239-4035-84EB-B6260A64EE2F/EllieMinerShiftAssistant.app> (executable, loaded)
	Request       : clear-icon type: png path: assets/node_modules/@react-navigation/elements/lib/module/assets
	Result        : file:///Users/user/Library/Developer/CoreSimulator/Devices/85DD3162-206C-44DB-A723-F4B933896B6E/data/Containers/Bundle/Application/C67B7437-D239-4035-84EB-B6260A64EE2F/EllieMinerShiftAssistant.app/assets/node_modules/@react-navigation/elements/lib/module/assets/clear-icon.png
2026-04-06 10:30:27.267 Db EllieMinerShiftAssistant[18489:2f4660] [com.apple.CFBundle:strings] Bundle: CFBundle 0x600003b24000 </Library/Developer/CoreSimulator/Volumes/iOS_22F77/Library/Developer/CoreSimulator/Profiles/Runtimes/iOS 18.5.simruntime/Contents/Resources/RuntimeRoot/System/Library/PrivateFrameworks/UIKitCore.framework> (not loaded), key: KEYSHORTCUTHUDITEM_EDIT_TRANSFORMATIONS, value: Transformations, table: Localizable, localizationNames: (null), result: Transformations
2026-04-06 10:30:27.267 Db EllieMinerShiftAssistant[18489:2f4660] [com.apple.CFBundle:strings] Bundle: CFBundle 0x600003b24000 </Library/Developer/CoreSimulator/Volumes/iOS_22F77/Library/Developer/CoreSimulator/Profiles/Runtimes/iOS 18.5.simruntime/Contents/Resources/RuntimeRoot/System/Library/PrivateFrameworks/UIKitCore.framework> (not loaded), key: KEYSHORTCUTHUDITEM_EDIT_SPEECH, value: Speech, table: Localizable, localizationNames: (null), result: Speech
2026-04-06 10:30:27.267 Db EllieMinerShiftAssistant[18489:2f469e] [com.apple.runningboard:connection] didChangeInheritances: <RBSInheritanceChangeSet| gained:{(
    <RBSInheritance| environment:UIScene:com.apple.frontboard.systemappservices/FBSceneManager:sceneID%3Acom.ellie.minershiftassistant-default name:com.apple.frontboard.visibility origID:18238-18235-184 payload 14346615290047598671>
)} lost:(null)>
2026-04-06 10:30:27.267 Db EllieMinerShiftAssistant[18489:2f4660] [com.apple.CFBundle:strings] Bundle: CFBundle 0x600003b24000 </Library/Developer/CoreSimulator/Volumes/iOS_22F77/Library/Developer/CoreSimulator/Profiles/Runtimes/iOS 18.5.simruntime/Contents/Resources/RuntimeRoot/System/Library/PrivateFrameworks/UIKitCore.framework> (not loaded), key: KEYSHORTCUTHUD_FORMAT, value: Format, table: Localizable, localizationNames: (null), result: Format
2026-04-06 10:30:27.267 Db EllieMinerShiftAssistant[18489:2f4660] [com.apple.CFBundle:strings] Bundle: CFBundle 0x600003b24000 </Library/Developer/CoreSimulator/Volumes/iOS_22F77/Library/Developer/CoreSimulator/Profiles/Runtimes/iOS 18.5.simruntime/Contents/Resources/RuntimeRoot/System/Library/PrivateFrameworks/UIKitCore.framework> (not loaded), key: KEYSHORTCUTHUDITEM_FORMAT_FONT, value: Font, table: Localizable, localizationNames: (null), result: Font
2026-04-06 10:30:27.267 Db EllieMinerShiftAssistant[18489:2f4660] [com.apple.CFBundle:strings] Bundle: CFBundle 0x600003b24000 </Library/Developer/CoreSimulator/Volumes/iOS_22F77/Library/Developer/CoreSimulator/Profiles/Runtimes/iOS 18.5.simruntime/Contents/Resources/RuntimeRoot/System/Library/PrivateFrameworks/UIKitCore.framework> (not loaded), key: KEYSHORTCUTHUDITEM_FORMAT_TEXT, value: Text, table: Localizable, localizationNames: (null), result: Text
2026-04-06 10:30:27.267 Db EllieMinerShiftAssistant[18489:2f4660] [com.apple.CFBundle:strings] Bundle: CFBundle 0x600003b24000 </Library/Developer/CoreSimulator/Volumes/iOS_22F77/Library/Developer/CoreSimulator/Profiles/Runtimes/iOS 18.5.simruntime/Contents/Resources/RuntimeRoot/System/Library/PrivateFrameworks/UIKitCore.framework> (not loaded), key: KEYSHORTCUTHUDITEM_FORMAT_TEXT_WRITING_DIRECTION, value: Writing Direction, table: Localizable, localizationNames: (null), result: Writing Direction
2026-04-06 10:30:27.267 Db EllieMinerShiftAssistant[18489:2f4660] [com.apple.CFBundle:strings] Bundle: CFBundle 0x600003b24000 </Library/Developer/CoreSimulator/Volumes/iOS_22F77/Library/Developer/CoreSimulator/Profiles/Runtimes/iOS 18.5.simruntime/Contents/Resources/RuntimeRoot/System/Library/PrivateFrameworks/UIKitCore.framework> (not loaded), key: KEYSHORTCUTHUD_VIEW, value: View, table: Localizable, localizationNames: (null), result: View
2026-04-06 10:30:27.267 Db EllieMinerShiftAssistant[18489:2f4660] [com.apple.CFBundle:strings] Bundle: CFBundle 0x600003b24000 </Library/Developer/CoreSimulator/Volumes/iOS_22F77/Library/Developer/CoreSimulator/Profiles/Runtimes/iOS 18.5.simruntime/Contents/Resources/RuntimeRoot/System/Library/PrivateFrameworks/UIKitCore.framework> (not loaded), key: KEYSHORTCUTHUD_WINDOW, value: Window, table: Localizable, localizationNames: (null), result: Window
2026-04-06 10:30:27.267 Db EllieMinerShiftAssistant[18489:2f4660] [com.apple.CFBundle:strings] Bundle: CFBundle 0x600003b24000 </Library/Developer/CoreSimulator/Volumes/iOS_22F77/Library/Developer/CoreSimulator/Profiles/Runtimes/iOS 18.5.simruntime/Contents/Resources/RuntimeRoot/System/Library/PrivateFrameworks/UIKitCore.framework> (not loaded), key: KEYSHORTCUTHUD_HELP, value: Help, table: Localizable, localizationNames: (null), result: Help
2026-04-06 10:30:27.267 Db EllieMinerShiftAssistant[18489:2f4660] [com.apple.CFBundle:strings] Bundle: CFBundle 0x600003b24000 </Library/Developer/CoreSimulator/Volumes/iOS_22F77/Library/Developer/CoreSimulator/Profiles/Runtimes/iOS 18.5.simruntime/Contents/Resources/RuntimeRoot/System/Library/PrivateFrameworks/UIKitCore.framework> (not loaded), key: KEYSHORTCUTHUDITEM_FORMAT_TEXT_STYLE, value: Text Style, table: Localizable, localizationNames: (null), result: Text Style
2026-04-06 10:30:27.267 Db EllieMinerShiftAssistant[18489:2f4660] [com.apple.CFBundle:strings] Bundle: CFBundle 0x600003b24000 </Library/Developer/CoreSimulator/Volumes/iOS_22F77/Library/Developer/CoreSimulator/Profiles/Runtimes/iOS 18.5.simruntime/Contents/Resources/RuntimeRoot/System/Library/PrivateFrameworks/UIKitCore.framework> (not loaded), key: KEYSHORTCUTHUD_AUTOFILL, value: AutoFill, table: Localizable, localizationNames: (null), result: AutoFill
2026-04-06 10:30:27.267 Db EllieMinerShiftAssistant[18489:2f46bb] [com.apple.CFBundle:resources] Resource lookup at CFBundle 0x600003b081c0 </Users/user/Library/Developer/CoreSimulator/Devices/85DD3162-206C-44DB-A723-F4B933896B6E/data/Containers/Bundle/Application/C67B7437-D239-4035-84EB-B6260A64EE2F/EllieMinerShiftAssistant.app> (executable, loaded)
	Request       : clear-icon@2x type: png path: assets/node_modules/@react-navigation/elements/lib/module/assets
	Result        : file:///Users/user/Library/Developer/CoreSimulator/Devices/85DD3162-206C-44DB-A723-F4B933896B6E/data/Containers/Bundle/Application/C67B7437-D239-4035-84EB-B6260A64EE2F/EllieMinerShiftAssistant.app/assets/node_modules/@react-navigation/elements/lib/module/assets/clear-icon@2x.png
2026-04-06 10:30:27.267 Db EllieMinerShiftAssistant[18489:2f46bb] [com.apple.CFBundle:resources] Resource lookup at CFBundle 0x600003b081c0 </Users/user/Library/Developer/CoreSimulator/Devices/85DD3162-206C-44DB-A723-F4B933896B6E/data/Containers/Bundle/Application/C67B7437-D239-4035-84EB-B6260A64EE2F/EllieMinerShiftAssistant.app> (executable, loaded)
	Request       : clear-icon@3x type: png path: assets/node_modules/@react-navigation/elements/lib/module/assets
	Result        : file:///Users/user/Library/Developer/CoreSimulator/Devices/85DD3162-206C-44DB-A723-F4B933896B6E/data/Containers/Bundle/Application/C67B7437-D239-4035-84EB-B6260A64EE2F/EllieMinerShiftAssistant.app/assets/node_modules/@react-navigation/elements/lib/module/assets/clear-icon@3x.png
2026-04-06 10:30:27.267 Db EllieMinerShiftAssistant[18489:2f4660] [com.apple.BackBoard:EventDelivery] flushing changes: {
    contentsMask: 0x8; keyCommandsRegistrations: [environment: keyboardFocus; token: 0x64100F52; keyCommands: 29];
}
2026-04-06 10:30:27.267 Db EllieMinerShiftAssistant[18489:2f46bb] [com.apple.CFBundle:resources] Resource lookup at CFBundle 0x600003b081c0 </Users/user/Library/Developer/CoreSimulator/Devices/85DD3162-206C-44DB-A723-F4B933896B6E/data/Containers/Bundle/Application/C67B7437-D239-4035-84EB-B6260A64EE2F/EllieMinerShiftAssistant.app> (executable, loaded)
	Request       : close-icon type: png path: assets/node_modules/@react-navigation/elements/lib/module/assets
	Result        : file:///Users/user/Library/Developer/CoreSimulator/Devices/85DD3162-206C-44DB-A723-F4B933896B6E/data/Containers/Bundle/Application/C67B7437-D239-4035-84EB-B6260A64EE2F/EllieMinerShiftAssistant.app/assets/node_modules/@react-navigation/elements/lib/module/assets/close-icon.png
2026-04-06 10:30:27.268 Db EllieMinerShiftAssistant[18489:2f46bb] [com.apple.CFBundle:resources] Resource lookup at CFBundle 0x600003b081c0 </Users/user/Library/Developer/CoreSimulator/Devices/85DD3162-206C-44DB-A723-F4B933896B6E/data/Containers/Bundle/Application/C67B7437-D239-4035-84EB-B6260A64EE2F/EllieMinerShiftAssistant.app> (executable, loaded)
	Request       : close-icon type: png path: assets/node_modules/@react-navigation/elements/lib/module/assets
	Result        : file:///Users/user/Library/Developer/CoreSimulator/Devices/85DD3162-206C-44DB-A723-F4B933896B6E/data/Containers/Bundle/Application/C67B7437-D239-4035-84EB-B6260A64EE2F/EllieMinerShiftAssistant.app/assets/node_modules/@react-navigation/elements/lib/module/assets/close-icon.png
2026-04-06 10:30:27.268 Db EllieMinerShiftAssistant[18489:2f46bb] [com.apple.CFBundle:resources] Resource lookup at CFBundle 0x600003b081c0 </Users/user/Library/Developer/CoreSimulator/Devices/85DD3162-206C-44DB-A723-F4B933896B6E/data/Containers/Bundle/Application/C67B7437-D239-4035-84EB-B6260A64EE2F/EllieMinerShiftAssistant.app> (executable, loaded)
	Request       : close-icon@2x type: png path: assets/node_modules/@react-navigation/elements/lib/module/assets
	Result        : file:///Users/user/Library/Developer/CoreSimulator/Devices/85DD3162-206C-44DB-A723-F4B933896B6E/data/Containers/Bundle/Application/C67B7437-D239-4035-84EB-B6260A64EE2F/EllieMinerShiftAssistant.app/assets/node_modules/@react-navigation/elements/lib/module/assets/close-icon@2x.png
2026-04-06 10:30:27.268 Db EllieMinerShiftAssistant[18489:2f46bb] [com.apple.CFBundle:resources] Resource lookup at CFBundle 0x600003b081c0 </Users/user/Library/Developer/CoreSimulator/Devices/85DD3162-206C-44DB-A723-F4B933896B6E/data/Containers/Bundle/Application/C67B7437-D239-4035-84EB-B6260A64EE2F/EllieMinerShiftAssistant.app> (executable, loaded)
	Request       : close-icon@3x type: png path: assets/node_modules/@react-navigation/elements/lib/module/assets
	Result        : file:///Users/user/Library/Developer/CoreSimulator/Devices/85DD3162-206C-44DB-A723-F4B933896B6E/data/Containers/Bundle/Application/C67B7437-D239-4035-84EB-B6260A64EE2F/EllieMinerShiftAssistant.app/assets/node_modules/@react-navigation/elements/lib/module/assets/close-icon@3x.png
2026-04-06 10:30:27.268 Db EllieMinerShiftAssistant[18489:2f46bb] [com.apple.CFBundle:resources] Resource lookup at CFBundle 0x600003b081c0 </Users/user/Library/Developer/CoreSimulator/Devices/85DD3162-206C-44DB-A723-F4B933896B6E/data/Containers/Bundle/Application/C67B7437-D239-4035-84EB-B6260A64EE2F/EllieMinerShiftAssistant.app> (executable, loaded)
	Request       : search-icon type: png path: assets/node_modules/@react-navigation/elements/lib/module/assets
	Result        : file:///Users/user/Library/Developer/CoreSimulator/Devices/85DD3162-206C-44DB-A723-F4B933896B6E/data/Containers/Bundle/Application/C67B7437-D239-4035-84EB-B6260A64EE2F/EllieMinerShiftAssistant.app/assets/node_modules/@react-navigation/elements/lib/module/assets/search-icon.png
2026-04-06 10:30:27.268 Db EllieMinerShiftAssistant[18489:2f46bb] [com.apple.CFBundle:resources] Resource lookup at CFBundle 0x600003b081c0 </Users/user/Library/Developer/CoreSimulator/Devices/85DD3162-206C-44DB-A723-F4B933896B6E/data/Containers/Bundle/Application/C67B7437-D239-4035-84EB-B6260A64EE2F/EllieMinerShiftAssistant.app> (executable, loaded)
	Request       : search-icon@2x type: png path: assets/node_modules/@react-navigation/elements/lib/module/assets
	Result        : file:///Users/user/Library/Developer/CoreSimulator/Devices/85DD3162-206C-44DB-A723-F4B933896B6E/data/Containers/Bundle/Application/C67B7437-D239-4035-84EB-B6260A64EE2F/EllieMinerShiftAssistant.app/assets/node_modules/@react-navigation/elements/lib/module/assets/search-icon@2x.png
2026-04-06 10:30:27.268 Df EllieMinerShiftAssistant[18489:2f4660] [com.apple.network:activity] Create activity from XPC object <nw_activity 50:1 [6830E25D-A149-45AB-9BBC-AC080169EFBB] (reporting strategy default)>
2026-04-06 10:30:27.268 Df EllieMinerShiftAssistant[18489:2f469e] [com.apple.CoreAnalytics:client] No XPC connection in Simulator
2026-04-06 10:30:27.268 Df EllieMinerShiftAssistant[18489:2f4660] [com.apple.network:activity] Create activity from XPC object <nw_activity 50:2 [F7036CC9-22FD-47BE-B320-B273D88E3E64] (reporting strategy default)>
2026-04-06 10:30:27.268 Df EllieMinerShiftAssistant[18489:2f4660] [com.apple.network:activity] Set activity <nw_activity 50:1 [6830E25D-A149-45AB-9BBC-AC080169EFBB] (reporting strategy default)> as the global parent
2026-04-06 10:30:27.269 Df EllieMinerShiftAssistant[18489:2f4660] [com.apple.UIKit:BackgroundTask] Ending background task with UIBackgroundTaskIdentifier: 1
2026-04-06 10:30:27.269 Db EllieMinerShiftAssistant[18489:2f46bb] [com.apple.CFBundle:resources] Resource lookup at CFBundle 0x600003b081c0 </Users/user/Library/Developer/CoreSimulator/Devices/85DD3162-206C-44DB-A723-F4B933896B6E/data/Containers/Bundle/Application/C67B7437-D239-4035-84EB-B6260A64EE2F/EllieMinerShiftAssistant.app> (executable, loaded)
	Request       : search-icon@3x type: png path: assets/node_modules/@react-navigation/elements/lib/module/assets
	Result        : file:///Users/user/Library/Developer/CoreSimulator/Devices/85DD3162-206C-44DB-A723-F4B933896B6E/data/Containers/Bundle/Application/C67B7437-D239-4035-84EB-B6260A64EE2F/EllieMinerShiftAssistant.app/assets/node_modules/@react-navigation/elements/lib/module/assets/search-icon@3x.png
2026-04-06 10:30:27.269 Df EllieMinerShiftAssistant[18489:2f4660] [com.apple.UIKit:BackgroundTask] Ending task with identifier 1 and description: <_UIBackgroundTaskInfo: 0x600001711b40>: taskID = 1, taskName = Launch Background Task for Coalescing, creationTime = 70902 (elapsed = 1), _expireHandler: (null)
2026-04-06 10:30:27.269 Df EllieMinerShiftAssistant[18489:2f4660] [com.apple.UIKit:BackgroundTask] Decrementing reference count for assertion <BKSProcessAssertion: 0x600002111220> (used by background task with identifier 1: <_UIBackgroundTaskInfo: 0x600001711b40>: taskID = 1, taskName = Launch Background Task for Coalescing, creationTime = 70902 (elapsed = 1))
2026-04-06 10:30:27.269 Db EllieMinerShiftAssistant[18489:2f4660] [com.apple.defaults:User Defaults] found no value for key LogEventBus in CFPrefsSearchListSource<0x600002c11000> (Domain: com.apple.UIKit, Container: (null))
2026-04-06 10:30:27.269 Df EllieMinerShiftAssistant[18489:2f4660] [com.apple.UIKit:EventBus] Event Timing Profile for Touch: not found, path="/System/Library/EventTimingProfiles/Sim.Touch.plist"
2026-04-06 10:30:27.269 Df EllieMinerShiftAssistant[18489:2f4660] [com.apple.UIKit:EventBus] Event Timing Profile for Pencil: not found, path="/System/Library/EventTimingProfiles/Sim.Pencil.plist"
2026-04-06 10:30:27.269 Df EllieMinerShiftAssistant[18489:2f4660] [com.apple.UIKit:UpdateScheduler] Target list changed: <CADisplay:LCD PurpleMain>
2026-04-06 10:30:27.269 Db EllieMinerShiftAssistant[18489:2f46bb] [com.apple.CFBundle:resources] Resource lookup at CFBundle 0x600003b081c0 </Users/user/Library/Developer/CoreSimulator/Devices/85DD3162-206C-44DB-A723-F4B933896B6E/data/Containers/Bundle/Application/C67B7437-D239-4035-84EB-B6260A64EE2F/EllieMinerShiftAssistant.app> (executable, loaded)
	Request       : AntDesign type: ttf path: assets/node_modules/@expo/vector-icons/build/vendor/react-native-vector-icons/Fonts
	Result        : file:///Users/user/Library/Developer/CoreSimulator/Devices/85DD3162-206C-44DB-A723-F4B933896B6E/data/Containers/Bundle/Application/C67B7437-D239-4035-84EB-B6260A64EE2F/EllieMinerShiftAssistant.app/assets/node_modules/@expo/vector-icons/build/vendor/react-native-vector-icons/Fonts/AntDesign.ttf
2026-04-06 10:30:27.269 Db EllieMinerShiftAssistant[18489:2f4660] [com.apple.defaults:User Defaults] found no value for key LogUpdateCycle in CFPrefsSearchListSource<0x600002c11000> (Domain: com.apple.UIKit, Container: (null))
2026-04-06 10:30:27.269 E  EllieMinerShiftAssistant[18489:2f469e] [com.apple.app_launch_measurement:General] Failed to send CA Event for app launch measurements for ca_event_type: 0 event_name: com.apple.app_launch_measurement.FirstFramePresentationMetric
2026-04-06 10:30:27.269 Df EllieMinerShiftAssistant[18489:2f4660] [com.apple.UIKit:AppLifecycle] sceneOfRecord: sceneID: sceneID:com.ellie.minershiftassistant-default  persistentID: 862E1BF5-BD2F-4275-BFAF-DBBB7A135D46
2026-04-06 10:30:27.269 Db EllieMinerShiftAssistant[18489:2f4660] [com.apple.BacklightServices:scenes] 0x600000c49260 environment updated:sceneID:com.ellie.minershiftassistant-default
  delta:{ visualState:0 date:0 active:0 seed:0 }
  diff:<FBSSceneSettingsDiff: 0x600001735000; UIApplicationSceneSettings> {
    subclassSettings = <BSSettingsDiff: 0x600000c1c720> {
        targetOfEventDeferringEnvironments = keyboardFocus;
    };
}
  new:(null) (null)
  old:(null) (null)
  new:(null)
2026-04-06 10:30:27.269 Db EllieMinerShiftAssistant[18489:2f46bb] [com.apple.CFBundle:resources] Resource lookup at CFBundle 0x600003b081c0 </Users/user/Library/Developer/CoreSimulator/Devices/85DD3162-206C-44DB-A723-F4B933896B6E/data/Containers/Bundle/Application/C67B7437-D239-4035-84EB-B6260A64EE2F/EllieMinerShiftAssistant.app> (executable, loaded)
	Request       : Entypo type: ttf path: assets/node_modules/@expo/vector-icons/build/vendor/react-native-vector-icons/Fonts
	Result        : file:///Users/user/Library/Developer/CoreSimulator/Devices/85DD3162-206C-44DB-A723-F4B933896B6E/data/Containers/Bundle/Application/C67B7437-D239-4035-84EB-B6260A64EE2F/EllieMinerShiftAssistant.app/assets/node_modules/@expo/vector-icons/build/vendor/react-native-vector-icons/Fonts/Entypo.ttf
2026-04-06 10:30:27.269 Db EllieMinerShiftAssistant[18489:2f4660] [com.apple.BaseBoard:Common] [BSBlockSentinel:FBSScene] signaled! 1 of 2
2026-04-06 10:30:27.270 Db EllieMinerShiftAssistant[18489:2f46bb] [com.apple.CFBundle:resources] Resource lookup at CFBundle 0x600003b081c0 </Users/user/Library/Developer/CoreSimulator/Devices/85DD3162-206C-44DB-A723-F4B933896B6E/data/Containers/Bundle/Application/C67B7437-D239-4035-84EB-B6260A64EE2F/EllieMinerShiftAssistant.app> (executable, loaded)
	Request       : EvilIcons type: ttf path: assets/node_modules/@expo/vector-icons/build/vendor/react-native-vector-icons/Fonts
	Result        : file:///Users/user/Library/Developer/CoreSimulator/Devices/85DD3162-206C-44DB-A723-F4B933896B6E/data/Containers/Bundle/Application/C67B7437-D239-4035-84EB-B6260A64EE2F/EllieMinerShiftAssistant.app/assets/node_modules/@expo/vector-icons/build/vendor/react-native-vector-icons/Fonts/EvilIcons.ttf
2026-04-06 10:30:27.270 A  EllieMinerShiftAssistant[18489:2f4660] (CoreFoundation) Updating Key-Value Observers Of Preferences
2026-04-06 10:30:27.270 Db EllieMinerShiftAssistant[18489:2f46bb] [com.apple.CFBundle:resources] Resource lookup at CFBundle 0x600003b081c0 </Users/user/Library/Developer/CoreSimulator/Devices/85DD3162-206C-44DB-A723-F4B933896B6E/data/Containers/Bundle/Application/C67B7437-D239-4035-84EB-B6260A64EE2F/EllieMinerShiftAssistant.app> (executable, loaded)
	Request       : Feather type: ttf path: assets/node_modules/@expo/vector-icons/build/vendor/react-native-vector-icons/Fonts
	Result        : file:///Users/user/Library/Developer/CoreSimulator/Devices/85DD3162-206C-44DB-A723-F4B933896B6E/data/Containers/Bundle/Application/C67B7437-D239-4035-84EB-B6260A64EE2F/EllieMinerShiftAssistant.app/assets/node_modules/@expo/vector-icons/build/vendor/react-native-vector-icons/Fonts/Feather.ttf
2026-04-06 10:30:27.270 Db EllieMinerShiftAssistant[18489:2f46bb] [com.apple.CFBundle:resources] Resource lookup at CFBundle 0x600003b081c0 </Users/user/Library/Developer/CoreSimulator/Devices/85DD3162-206C-44DB-A723-F4B933896B6E/data/Containers/Bundle/Application/C67B7437-D239-4035-84EB-B6260A64EE2F/EllieMinerShiftAssistant.app> (executable, loaded)
	Request       : Fontisto type: ttf path: assets/node_modules/@expo/vector-icons/build/vendor/react-native-vector-icons/Fonts
	Result        : file:///Users/user/Library/Developer/CoreSimulator/Devices/85DD3162-206C-44DB-A723-F4B933896B6E/data/Containers/Bundle/Application/C67B7437-D239-4035-84EB-B6260A64EE2F/EllieMinerShiftAssistant.app/assets/node_modules/@expo/vector-icons/build/vendor/react-native-vector-icons/Fonts/Fontisto.ttf
2026-04-06 10:30:27.270 I  EllieMinerShiftAssistant[18489:2f4660] [com.apple.Accessibility:AXAppAccessibility] Loading settings loader: (system: 0)
2026-04-06 10:30:27.271 Db EllieMinerShiftAssistant[18489:2f4660] [com.apple.defaults:User Defaults] found no value for key ZoomTouchEnabled in CFPrefsSearchListSource<0x600002c14b00> (Domain: com.apple.Accessibility, Container: (null))
2026-04-06 10:30:27.271 Db EllieMinerShiftAssistant[18489:2f4660] [com.apple.Accessibility:AXSupportCommon] CF Read: domain = com.apple.Accessibility, preference = ZoomTouchEnabled, appID = (null) result = (null) (-1 - empty, 0 - false, 1 - true)
2026-04-06 10:30:27.271 Db EllieMinerShiftAssistant[18489:2f4660] [com.apple.defaults:User Defaults] found no value for key ZoomTouchEnabled in CFPrefsPlistSource<0x600002c14e80> (Domain: com.apple.Accessibility, User: kCFPreferencesCurrentUser, ByHost: No, Container: /Users/user/Library/Developer/CoreSimulator/Devices/85DD3162-206C-44DB-A723-F4B933896B6E/data, Contents Need Refresh: No)
2026-04-06 10:30:27.271 Db EllieMinerShiftAssistant[18489:2f4660] [com.apple.defaults:User Defaults] found no value for key SpeechSettingsDisabledByManagedConfiguration in CFPrefsSearchListSource<0x600002c14b00> (Domain: com.apple.Accessibility, Container: (null))
2026-04-06 10:30:27.271 Db EllieMinerShiftAssistant[18489:2f4660] [com.apple.Accessibility:AXSupportCommon] CF Read: domain = com.apple.Accessibility, preference = SpeechSettingsDisabledByManagedConfiguration, appID = (null) result = (null) (-1 - empty, 0 - false, 1 - true)
2026-04-06 10:30:27.271 Db EllieMinerShiftAssistant[18489:2f4660] [com.apple.defaults:User Defaults] found no value for key SpeechSettingsDisabledByManagedConfiguration in CFPrefsPlistSource<0x600002c14e80> (Domain: com.apple.Accessibility, User: kCFPreferencesCurrentUser, ByHost: No, Container: /Users/user/Library/Developer/CoreSimulator/Devices/85DD3162-206C-44DB-A723-F4B933896B6E/data, Contents Need Refresh: No)
2026-04-06 10:30:27.271 Db EllieMinerShiftAssistant[18489:2f4660] [com.apple.defaults:User Defaults] found no value for key SpeakThisEnabled in CFPrefsSearchListSource<0x600002c14b00> (Domain: com.apple.Accessibility, Container: (null))
2026-04-06 10:30:27.271 Db EllieMinerShiftAssistant[18489:2f4660] [com.apple.Accessibility:AXSupportCommon] CF Read: domain = com.apple.Accessibility, preference = SpeakThisEnabled, appID = (null) result = (null) (-1 - empty, 0 - false, 1 - true)
2026-04-06 10:30:27.271 Db EllieMinerShiftAssistant[18489:2f4660] [com.apple.defaults:User Defaults] found no value for key SpeakThisEnabled in CFPrefsPlistSource<0x600002c14e80> (Domain: com.apple.Accessibility, User: kCFPreferencesCurrentUser, ByHost: No, Container: /Users/user/Library/Developer/CoreSimulator/Devices/85DD3162-206C-44DB-A723-F4B933896B6E/data, Contents Need Refresh: No)
2026-04-06 10:30:27.271 Db EllieMinerShiftAssistant[18489:2f46bb] [com.apple.CFBundle:resources] Resource lookup at CFBundle 0x600003b081c0 </Users/user/Library/Developer/CoreSimulator/Devices/85DD3162-206C-44DB-A723-F4B933896B6E/data/Containers/Bundle/Application/C67B7437-D239-4035-84EB-B6260A64EE2F/EllieMinerShiftAssistant.app> (executable, loaded)
	Request       : FontAwesome type: ttf path: assets/node_modules/@expo/vector-icons/build/vendor/react-native-vector-icons/Fonts
	Result        : file:///Users/user/Library/Developer/CoreSimulator/Devices/85DD3162-206C-44DB-A723-F4B933896B6E/data/Containers/Bundle/Application/C67B7437-D239-4035-84EB-B6260A64EE2F/EllieMinerShiftAssistant.app/assets/node_modules/@expo/vector-icons/build/vendor/react-native-vector-icons/Fonts/FontAwesome.ttf
2026-04-06 10:30:27.271 Db EllieMinerShiftAssistant[18489:2f46bb] [com.apple.CFBundle:resources] Resource lookup at CFBundle 0x600003b081c0 </Users/user/Library/Developer/CoreSimulator/Devices/85DD3162-206C-44DB-A723-F4B933896B6E/data/Containers/Bundle/Application/C67B7437-D239-4035-84EB-B6260A64EE2F/EllieMinerShiftAssistant.app> (executable, loaded)
	Request       : FontAwesome5_Regular type: ttf path: assets/node_modules/@expo/vector-icons/build/vendor/react-native-vector-icons/Fonts
	Result        : file:///Users/user/Library/Developer/CoreSimulator/Devices/85DD3162-206C-44DB-A723-F4B933896B6E/data/Containers/Bundle/Application/C67B7437-D239-4035-84EB-B6260A64EE2F/EllieMinerShiftAssistant.app/assets/node_modules/@expo/vector-icons/build/vendor/react-native-vector-icons/Fonts/FontAwesome5_Regular.ttf
2026-04-06 10:30:27.302 Db EllieMinerShiftAssistant[18489:2f46bb] [com.apple.CFBundle:resources] Resource lookup at CFBundle 0x600003b081c0 </Users/user/Library/Developer/CoreSimulator/Devices/85DD3162-206C-44DB-A723-F4B933896B6E/data/Containers/Bundle/Application/C67B7437-D239-4035-84EB-B6260A64EE2F/EllieMinerShiftAssistant.app> (executable, loaded)
	Request       : FontAwesome5_Solid type: ttf path: assets/node_modules/@expo/vector-icons/build/vendor/react-native-vector-icons/Fonts
	Result        : file:///Users/user/Library/Developer/CoreSimulator/Devices/85DD3162-206C-44DB-A723-F4B933896B6E/data/Containers/Bundle/Application/C67B7437-D239-4035-84EB-B6260A64EE2F/EllieMinerShiftAssistant.app/assets/node_modules/@expo/vector-icons/build/vendor/react-native-vector-icons/Fonts/FontAwesome5_Solid.ttf
2026-04-06 10:30:27.303 Db EllieMinerShiftAssistant[18489:2f46bb] [com.apple.CFBundle:resources] Resource lookup at CFBundle 0x600003b081c0 </Users/user/Library/Developer/CoreSimulator/Devices/85DD3162-206C-44DB-A723-F4B933896B6E/data/Containers/Bundle/Application/C67B7437-D239-4035-84EB-B6260A64EE2F/EllieMinerShiftAssistant.app> (executable, loaded)
	Request       : FontAwesome5_Brands type: ttf path: assets/node_modules/@expo/vector-icons/build/vendor/react-native-vector-icons/Fonts
	Result        : file:///Users/user/Library/Developer/CoreSimulator/Devices/85DD3162-206C-44DB-A723-F4B933896B6E/data/Containers/Bundle/Application/C67B7437-D239-4035-84EB-B6260A64EE2F/EllieMinerShiftAssistant.app/assets/node_modules/@expo/vector-icons/build/vendor/react-native-vector-icons/Fonts/FontAwesome5_Brands.ttf
2026-04-06 10:30:27.303 Db EllieMinerShiftAssistant[18489:2f4660] [com.apple.defaults:User Defaults] found no value for key __NSTextAttachmentAlwaysUsesAttachmentView in CFPrefsSearchListSource<0x600002c0c180> (Domain: com.ellie.minershiftassistant, Container: (null))
2026-04-06 10:30:27.303 Db EllieMinerShiftAssistant[18489:2f46bb] [com.apple.CFBundle:resources] Resource lookup at CFBundle 0x600003b081c0 </Users/user/Library/Developer/CoreSimulator/Devices/85DD3162-206C-44DB-A723-F4B933896B6E/data/Containers/Bundle/Application/C67B7437-D239-4035-84EB-B6260A64EE2F/EllieMinerShiftAssistant.app> (executable, loaded)
	Request       : FontAwesome6_Regular type: ttf path: assets/node_modules/@expo/vector-icons/build/vendor/react-native-vector-icons/Fonts
	Result        : file:///Users/user/Library/Developer/CoreSimulator/Devices/85DD3162-206C-44DB-A723-F4B933896B6E/data/Containers/Bundle/Application/C67B7437-D239-4035-84EB-B6260A64EE2F/EllieMinerShiftAssistant.app/assets/node_modules/@expo/vector-icons/build/vendor/react-native-vector-icons/Fonts/FontAwesome6_Regular.ttf
2026-04-06 10:30:27.303 Db EllieMinerShiftAssistant[18489:2f46bb] [com.apple.CFBundle:resources] Resource lookup at CFBundle 0x600003b081c0 </Users/user/Library/Developer/CoreSimulator/Devices/85DD3162-206C-44DB-A723-F4B933896B6E/data/Containers/Bundle/Application/C67B7437-D239-4035-84EB-B6260A64EE2F/EllieMinerShiftAssistant.app> (executable, loaded)
	Request       : FontAwesome6_Solid type: ttf path: assets/node_modules/@expo/vector-icons/build/vendor/react-native-vector-icons/Fonts
	Result        : file:///Users/user/Library/Developer/CoreSimulator/Devices/85DD3162-206C-44DB-A723-F4B933896B6E/data/Containers/Bundle/Application/C67B7437-D239-4035-84EB-B6260A64EE2F/EllieMinerShiftAssistant.app/assets/node_modules/@expo/vector-icons/build/vendor/react-native-vector-icons/Fonts/FontAwesome6_Solid.ttf
2026-04-06 10:30:27.304 Db EllieMinerShiftAssistant[18489:2f46bb] [com.apple.CFBundle:resources] Resource lookup at CFBundle 0x600003b081c0 </Users/user/Library/Developer/CoreSimulator/Devices/85DD3162-206C-44DB-A723-F4B933896B6E/data/Containers/Bundle/Application/C67B7437-D239-4035-84EB-B6260A64EE2F/EllieMinerShiftAssistant.app> (executable, loaded)
	Request       : FontAwesome6_Brands type: ttf path: assets/node_modules/@expo/vector-icons/build/vendor/react-native-vector-icons/Fonts
	Result        : file:///Users/user/Library/Developer/CoreSimulator/Devices/85DD3162-206C-44DB-A723-F4B933896B6E/data/Containers/Bundle/Application/C67B7437-D239-4035-84EB-B6260A64EE2F/EllieMinerShiftAssistant.app/assets/node_modules/@expo/vector-icons/build/vendor/react-native-vector-icons/Fonts/FontAwesome6_Brands.ttf
2026-04-06 10:30:27.304 Df EllieMinerShiftAssistant[18489:2f4660] [com.apple.UIKit:EventDeferring] [0x600002940850] Scene target of event deferring environments did update: scene: 0x108f08c00; current systemShellManagesKeyboardFocus: 1; systemShellManagesKeyboardFocusForScene: 1; eligibleForRecordRemoval: 1;
2026-04-06 10:30:27.304 Df EllieMinerShiftAssistant[18489:2f4660] [com.apple.UIKit:KeyWindow] Scene became target of keyboard event deferring environment: UIWindowScene: 0x108f08c00; scene identity: com.apple.frontboard.systemappservices/FBSceneManager:sceneID%3Acom.ellie.minershiftassistant-default
2026-04-06 10:30:27.304 Db EllieMinerShiftAssistant[18489:2f4660] [com.apple.defaults:User Defaults] found no value for key LogFirstResponderRestoration in CFPrefsSearchListSource<0x600002c11000> (Domain: com.apple.UIKit, Container: (null))
2026-04-06 10:30:27.304 Db EllieMinerShiftAssistant[18489:2f4660] [com.apple.defaults:User Defaults] found no value for key com.google.GTMSessionFetcher.downloads in CFPrefsSearchListSource<0x600002c0c180> (Domain: com.ellie.minershiftassistant, Container: (null))
2026-04-06 10:30:27.304 Db EllieMinerShiftAssistant[18489:2f4660] [com.apple.defaults:User Defaults] found no value for key com.google.GTMSessionFetcher.downloads in CFPrefsSearchListSource<0x600002c0c180> (Domain: com.ellie.minershiftassistant, Container: (null))
2026-04-06 10:30:27.304 Db EllieMinerShiftAssistant[18489:2f46bb] [com.apple.CFBundle:resources] Resource lookup at CFBundle 0x600003b081c0 </Users/user/Library/Developer/CoreSimulator/Devices/85DD3162-206C-44DB-A723-F4B933896B6E/data/Containers/Bundle/Application/C67B7437-D239-4035-84EB-B6260A64EE2F/EllieMinerShiftAssistant.app> (executable, loaded)
	Request       : Foundation type: ttf path: assets/node_modules/@expo/vector-icons/build/vendor/react-native-vector-icons/Fonts
	Result        : file:///Users/user/Library/Developer/CoreSimulator/Devices/85DD3162-206C-44DB-A723-F4B933896B6E/data/Containers/Bundle/Application/C67B7437-D239-4035-84EB-B6260A64EE2F/EllieMinerShiftAssistant.app/assets/node_modules/@expo/vector-icons/build/vendor/react-native-vector-icons/Fonts/Foundation.ttf
2026-04-06 10:30:27.304 Db EllieMinerShiftAssistant[18489:2f46bb] [com.apple.CFBundle:resources] Resource lookup at CFBundle 0x600003b081c0 </Users/user/Library/Developer/CoreSimulator/Devices/85DD3162-206C-44DB-A723-F4B933896B6E/data/Containers/Bundle/Application/C67B7437-D239-4035-84EB-B6260A64EE2F/EllieMinerShiftAssistant.app> (executable, loaded)
	Request       : Ionicons type: ttf path: assets/node_modules/@expo/vector-icons/build/vendor/react-native-vector-icons/Fonts
	Result        : file:///Users/user/Library/Developer/CoreSimulator/Devices/85DD3162-206C-44DB-A723-F4B933896B6E/data/Containers/Bundle/Application/C67B7437-D239-4035-84EB-B6260A64EE2F/EllieMinerShiftAssistant.app/assets/node_modules/@expo/vector-icons/build/vendor/react-native-vector-icons/Fonts/Ionicons.ttf
2026-04-06 10:30:27.305 Db EllieMinerShiftAssistant[18489:2f46bb] [com.apple.CFBundle:resources] Resource lookup at CFBundle 0x600003b081c0 </Users/user/Library/Developer/CoreSimulator/Devices/85DD3162-206C-44DB-A723-F4B933896B6E/data/Containers/Bundle/Application/C67B7437-D239-4035-84EB-B6260A64EE2F/EllieMinerShiftAssistant.app> (executable, loaded)
	Request       : MaterialCommunityIcons type: ttf path: assets/node_modules/@expo/vector-icons/build/vendor/react-native-vector-icons/Fonts
	Result        : file:///Users/user/Library/Developer/CoreSimulator/Devices/85DD3162-206C-44DB-A723-F4B933896B6E/data/Containers/Bundle/Application/C67B7437-D239-4035-84EB-B6260A64EE2F/EllieMinerShiftAssistant.app/assets/node_modules/@expo/vector-icons/build/vendor/react-native-vector-icons/Fonts/MaterialCommunityIcons.ttf
2026-04-06 10:30:27.305 Db EllieMinerShiftAssistant[18489:2f469e] [com.apple.BaseBoard:Common] [BSBlockSentinel:FBSScene] signaled! 2 of 2
2026-04-06 10:30:27.305 Db EllieMinerShiftAssistant[18489:2f4660] [com.apple.defaults:User Defaults] found no value for key AutomationEnabled in CFPrefsSearchListSource<0x600002c14b00> (Domain: com.apple.Accessibility, Container: (null))
2026-04-06 10:30:27.305 Db EllieMinerShiftAssistant[18489:2f4660] [com.apple.Accessibility:AXSupportCommon] CF Read: domain = com.apple.Accessibility, preference = AutomationEnabled, appID = (null) result = (null) (-1 - empty, 0 - false, 1 - true)
2026-04-06 10:30:27.305 Db EllieMinerShiftAssistant[18489:2f469e] [com.apple.BaseBoard:Common] [BSBlockSentinel:FBSScene] dealloc
2026-04-06 10:30:27.306 Db EllieMinerShiftAssistant[18489:2f4660] [com.apple.defaults:User Defaults] found no value for key AutomationEnabled in CFPrefsPlistSource<0x600002c14e80> (Domain: com.apple.Accessibility, User: kCFPreferencesCurrentUser, ByHost: No, Container: /Users/user/Library/Developer/CoreSimulator/Devices/85DD3162-206C-44DB-A723-F4B933896B6E/data, Contents Need Refresh: No)
2026-04-06 10:30:27.306 Df EllieMinerShiftAssistant[18489:2f4660] [com.apple.UIKit:InterfaceStyle] Not push traits update to screen for new style 1, <UIWindowScene: 0x108f08c00> (862E1BF5-BD2F-4275-BFAF-DBBB7A135D46)
2026-04-06 10:30:27.306 Df EllieMinerShiftAssistant[18489:2f4660] [com.apple.UIKit:AppLifecycle] sceneOfRecord: sceneID: sceneID:com.ellie.minershiftassistant-default  persistentID: 862E1BF5-BD2F-4275-BFAF-DBBB7A135D46
2026-04-06 10:30:27.306 Df EllieMinerShiftAssistant[18489:2f4660] [com.apple.UIKit:Application] Deactivation reason removed: 12; deactivation reasons: 4128 -> 32; animating application lifecycle event: 1
2026-04-06 10:30:27.306 Df EllieMinerShiftAssistant[18489:2f4660] [com.apple.KeyboardArbiter:Client] Send setDeactivating: N (-DeactivationReason:SuspendedEventsOnly)
2026-04-06 10:30:27.306 Df EllieMinerShiftAssistant[18489:2f4660] [com.apple.UIKit:Application] Deactivation reason removed: 5; deactivation reasons: 32 -> 0; animating application lifecycle event: 0
2026-04-06 10:30:27.306 Db EllieMinerShiftAssistant[18489:2f46bb] [com.apple.CFBundle:resources] Resource lookup at CFBundle 0x600003b081c0 </Users/user/Library/Developer/CoreSimulator/Devices/85DD3162-206C-44DB-A723-F4B933896B6E/data/Containers/Bundle/Application/C67B7437-D239-4035-84EB-B6260A64EE2F/EllieMinerShiftAssistant.app> (executable, loaded)
	Request       : MaterialIcons type: ttf path: assets/node_modules/@expo/vector-icons/build/vendor/react-native-vector-icons/Fonts
	Result        : file:///Users/user/Library/Developer/CoreSimulator/Devices/85DD3162-206C-44DB-A723-F4B933896B6E/data/Containers/Bundle/Application/C67B7437-D239-4035-84EB-B6260A64EE2F/EllieMinerShiftAssistant.app/assets/node_modules/@expo/vector-icons/build/vendor/react-native-vector-icons/Fonts/MaterialIcons.ttf
2026-04-06 10:30:27.306 Db EllieMinerShiftAssistant[18489:2f4660] [com.apple.BacklightServices:scenes] 0x600000c49260 environment updated:sceneID:com.ellie.minershiftassistant-default
  delta:{ visualState:0 date:0 active:0 seed:0 }
  diff:<FBSSceneSettingsDiff: 0x6000017344c0; UIApplicationSceneSettings> {
    subclassSettings = <BSSettingsDiff: 0x600000c1cb70> {
        deactivationReasons = ;
    };
}
  new:(null) (null)
  old:(null) (null)
  new:(null)
2026-04-06 10:30:27.307 Db EllieMinerShiftAssistant[18489:2f4660] [com.apple.BaseBoard:Common] [BSBlockSentinel:FBSScene] signaled! 1 of 2
2026-04-06 10:30:27.307 Db EllieMinerShiftAssistant[18489:2f4660] (TextInput) -[TIPreferencesController preferencesChangedCallback:]  preferencesChangedCallback: Triggering preferencesChangedCallback for domain <_TIPreferenceDomain: 0x600000c0ac40> with notification AppleKeyboardsSettingsChangedNotification
2026-04-06 10:30:27.307 Db EllieMinerShiftAssistant[18489:2f46bb] [com.apple.CFBundle:resources] Resource lookup at CFBundle 0x600003b081c0 </Users/user/Library/Developer/CoreSimulator/Devices/85DD3162-206C-44DB-A723-F4B933896B6E/data/Containers/Bundle/Application/C67B7437-D239-4035-84EB-B6260A64EE2F/EllieMinerShiftAssistant.app> (executable, loaded)
	Request       : Octicons type: ttf path: assets/node_modules/@expo/vector-icons/build/vendor/react-native-vector-icons/Fonts
	Result        : file:///Users/user/Library/Developer/CoreSimulator/Devices/85DD3162-206C-44DB-A723-F4B933896B6E/data/Containers/Bundle/Application/C67B7437-D239-4035-84EB-B6260A64EE2F/EllieMinerShiftAssistant.app/assets/node_modules/@expo/vector-icons/build/vendor/react-native-vector-icons/Fonts/Octicons.ttf
2026-04-06 10:30:27.307 I  EllieMinerShiftAssistant[18489:2f4660] [com.wix.Detox:WebSocket] Action received: loginSuccess
2026-04-06 10:30:27.307 I  EllieMinerShiftAssistant[18489:2f4660] [com.wix.Detox:DetoxManager] Successfully logged in
2026-04-06 10:30:27.307 Db EllieMinerShiftAssistant[18489:2f46bb] [com.apple.CFBundle:resources] Resource lookup at CFBundle 0x600003b081c0 </Users/user/Library/Developer/CoreSimulator/Devices/85DD3162-206C-44DB-A723-F4B933896B6E/data/Containers/Bundle/Application/C67B7437-D239-4035-84EB-B6260A64EE2F/EllieMinerShiftAssistant.app> (executable, loaded)
	Request       : SimpleLineIcons type: ttf path: assets/node_modules/@expo/vector-icons/build/vendor/react-native-vector-icons/Fonts
	Result        : file:///Users/user/Library/Developer/CoreSimulator/Devices/85DD3162-206C-44DB-A723-F4B933896B6E/data/Containers/Bundle/Application/C67B7437-D239-4035-84EB-B6260A64EE2F/EllieMinerShiftAssistant.app/assets/node_modules/@expo/vector-icons/build/vendor/react-native-vector-icons/Fonts/SimpleLineIcons.ttf
2026-04-06 10:30:27.307 Db EllieMinerShiftAssistant[18489:2f46bb] [com.apple.CFBundle:resources] Resource lookup at CFBundle 0x600003b081c0 </Users/user/Library/Developer/CoreSimulator/Devices/85DD3162-206C-44DB-A723-F4B933896B6E/data/Containers/Bundle/Application/C67B7437-D239-4035-84EB-B6260A64EE2F/EllieMinerShiftAssistant.app> (executable, loaded)
	Request       : Zocial type: ttf path: assets/node_modules/@expo/vector-icons/build/vendor/react-native-vector-icons/Fonts
	Result        : file:///Users/user/Library/Developer/CoreSimulator/Devices/85DD3162-206C-44DB-A723-F4B933896B6E/data/Containers/Bundle/Application/C67B7437-D239-4035-84EB-B6260A64EE2F/EllieMinerShiftAssistant.app/assets/node_modules/@expo/vector-icons/build/vendor/react-native-vector-icons/Fonts/Zocial.ttf
2026-04-06 10:30:27.308 Df EllieMinerShiftAssistant[18489:2f4660] [com.apple.KeyboardArbiter:Client] startConnection
2026-04-06 10:30:27.308 Df EllieMinerShiftAssistant[18489:2f4660] [com.apple.UIKit:AppLifecycle] sceneOfRecord: sceneID: sceneID:com.ellie.minershiftassistant-default  persistentID: 862E1BF5-BD2F-4275-BFAF-DBBB7A135D46
2026-04-06 10:30:27.308 Db EllieMinerShiftAssistant[18489:2f4660] [com.apple.BacklightServices:scenes] 0x600000c49260 environment updated:sceneID:com.ellie.minershiftassistant-default
  delta:{ visualState:0 date:0 active:0 seed:0 }
  diff:<FBSSceneSettingsDiff: 0x600001757300; UIApplicationSceneSettings> {
    subclassSettings = <BSSettingsDiff: 0x600000c61860> {
        scenePresenterRenderIdentifierForSnapshotting = 957775334b264890;
        hostContextIdentifierForSnapshotting = 3ef1b6dd;
    };
}
  new:(null) (null)
  old:(null) (null)
  new:(null)
2026-04-06 10:30:27.308 Db EllieMinerShiftAssistant[18489:2f46bb] [com.apple.CFBundle:resources] Resource lookup at CFBundle 0x600003b081c0 </Users/user/Library/Developer/CoreSimulator/Devices/85DD3162-206C-44DB-A723-F4B933896B6E/data/Containers/Bundle/Application/C67B7437-D239-4035-84EB-B6260A64EE2F/EllieMinerShiftAssistant.app> (executable, loaded)
	Request       : mining-helmet-sacred-flame type: png path: assets/assets/onboarding/icons/consolidated
	Result        : file:///Users/user/Library/Developer/CoreSimulator/Devices/85DD3162-206C-44DB-A723-F4B933896B6E/data/Containers/Bundle/Application/C67B7437-D239-4035-84EB-B6260A64EE2F/EllieMinerShiftAssistant.app/assets/assets/onboarding/icons/consolidated/mining-helmet-sacred-flame.png
2026-04-06 10:30:27.308 Db EllieMinerShiftAssistant[18489:2f4660] [com.apple.BaseBoard:Common] [BSBlockSentinel:FBSScene] signaled! 1 of 2
2026-04-06 10:30:27.308 I  EllieMinerShiftAssistant[18489:2f4660] [com.wix.Detox:WebSocket] Action received: isReady
2026-04-06 10:30:27.308 Df EllieMinerShiftAssistant[18489:2f4660] [com.apple.UIKit:AppLifecycle] sceneOfRecord: sceneID: sceneID:com.ellie.minershiftassistant-default  persistentID: 862E1BF5-BD2F-4275-BFAF-DBBB7A135D46
2026-04-06 10:30:27.308 Db EllieMinerShiftAssistant[18489:2f4660] [com.apple.BacklightServices:scenes] 0x600000c49260 environment updated:sceneID:com.ellie.minershiftassistant-default
  delta:{ visualState:0 date:0 active:0 seed:0 }
  diff:<FBSSceneSettingsDiff: 0x60000175b5c0; UIApplicationSceneSettings> {
    settings = <BSKeyedSettingsDiff: 0x600000c41b90> {
        _UISceneRenderingEnvironmentSettings = <BSKeyedSettingsDiff: 0x600000c43c30> {
            systemDisplayIdentifier = F2D9233F-346A-47E5-85EC-8CC27602144E;
        };
        _UISystemShellSceneHostingEnvironmentSettings = <BSKeyedSettingsDiff: 0x600000c42700> {
            systemShellHostingSpaceIdentifier = SB-display-<embedded>;
        };
    };
}
  new:(null) (null)
  old:(null) (null)
  new:(null)
2026-04-06 10:30:27.308 Db EllieMinerShiftAssistant[18489:2f4660] [com.apple.BaseBoard:Common] [BSBlockSentinel:FBSScene] signaled! 1 of 2
2026-04-06 10:30:27.308 Db EllieMinerShiftAssistant[18489:2f46bb] [com.apple.CFBundle:resources] Resource lookup at CFBundle 0x600003b081c0 </Users/user/Library/Developer/CoreSimulator/Devices/85DD3162-206C-44DB-A723-F4B933896B6E/data/Containers/Bundle/Application/C67B7437-D239-4035-84EB-B6260A64EE2F/EllieMinerShiftAssistant.app> (executable, loaded)
	Request       : mining-helmet-sacred-flame@2x type: png path: assets/assets/onboarding/icons/consolidated
	Result        : file:///Users/user/Library/Developer/CoreSimulator/Devices/85DD3162-206C-44DB-A723-F4B933896B6E/data/Containers/Bundle/Application/C67B7437-D239-4035-84EB-B6260A64EE2F/EllieMinerShiftAssistant.app/assets/assets/onboarding/icons/consolidated/mining-helmet-sacred-flame@2x.png
2026-04-06 10:30:27.309 Df EllieMinerShiftAssistant[18489:2f4660] [com.apple.KeyboardArbiter:Client] handleKeyboardChange: set currentKeyboard:N (wasKeyboard:N)
2026-04-06 10:30:27.309 Df EllieMinerShiftAssistant[18489:2f4660] [com.apple.UIKit:KeyboardSceneDelegate] forceReloadInputViews
2026-04-06 10:30:27.309 Df EllieMinerShiftAssistant[18489:2f4660] [com.apple.UIKit:KeyboardSceneDelegate] Reloading input views for: <(null): 0x0; > force: 1
2026-04-06 10:30:27.309 Df EllieMinerShiftAssistant[18489:2f4660] [com.apple.UIKit:KeyboardArbiterClientLog] isWritingToolsHandlingKeyboardTracking:Y (WT ready:Y, Arbiter ready:Y)
2026-04-06 10:30:27.309 Db EllieMinerShiftAssistant[18489:2f4660] [com.apple.defaults:User Defaults] found no value for key LogGestureEnvironment in CFPrefsSearchListSource<0x600002c11000> (Domain: com.apple.UIKit, Container: (null))
2026-04-06 10:30:27.309 Db EllieMinerShiftAssistant[18489:2f46bb] [com.apple.CFBundle:resources] Resource lookup at CFBundle 0x600003b081c0 </Users/user/Library/Developer/CoreSimulator/Devices/85DD3162-206C-44DB-A723-F4B933896B6E/data/Containers/Bundle/Application/C67B7437-D239-4035-84EB-B6260A64EE2F/EllieMinerShiftAssistant.app> (executable, loaded)
	Request       : mining-helmet-sacred-flame@3x type: png path: assets/assets/onboarding/icons/consolidated
	Result        : file:///Users/user/Library/Developer/CoreSimulator/Devices/85DD3162-206C-44DB-A723-F4B933896B6E/data/Containers/Bundle/Application/C67B7437-D239-4035-84EB-B6260A64EE2F/EllieMinerShiftAssistant.app/assets/assets/onboarding/icons/consolidated/mining-helmet-sacred-flame@3x.png
2026-04-06 10:30:27.310 Db EllieMinerShiftAssistant[18489:2f46bb] [com.apple.CFBundle:resources] Resource lookup at CFBundle 0x600003b081c0 </Users/user/Library/Developer/CoreSimulator/Devices/85DD3162-206C-44DB-A723-F4B933896B6E/data/Containers/Bundle/Application/C67B7437-D239-4035-84EB-B6260A64EE2F/EllieMinerShiftAssistant.app> (executable, loaded)
	Request       : roster-type-rotating type: png path: assets/assets/onboarding/icons/consolidated
	Result        : file:///Users/user/Library/Developer/CoreSimulator/Devices/85DD3162-206C-44DB-A723-F4B933896B6E/data/Containers/Bundle/Application/C67B7437-D239-4035-84EB-B6260A64EE2F/EllieMinerShiftAssistant.app/assets/assets/onboarding/icons/consolidated/roster-type-rotating.png
2026-04-06 10:30:27.311 Db EllieMinerShiftAssistant[18489:2f46bb] [com.apple.CFBundle:resources] Resource lookup at CFBundle 0x600003b081c0 </Users/user/Library/Developer/CoreSimulator/Devices/85DD3162-206C-44DB-A723-F4B933896B6E/data/Containers/Bundle/Application/C67B7437-D239-4035-84EB-B6260A64EE2F/EllieMinerShiftAssistant.app> (executable, loaded)
	Request       : roster-type-rotating@2x type: png path: assets/assets/onboarding/icons/consolidated
	Result        : file:///Users/user/Library/Developer/CoreSimulator/Devices/85DD3162-206C-44DB-A723-F4B933896B6E/data/Containers/Bundle/Application/C67B7437-D239-4035-84EB-B6260A64EE2F/EllieMinerShiftAssistant.app/assets/assets/onboarding/icons/consolidated/roster-type-rotating@2x.png
2026-04-06 10:30:27.312 Db EllieMinerShiftAssistant[18489:2f46bb] [com.apple.CFBundle:resources] Resource lookup at CFBundle 0x600003b081c0 </Users/user/Library/Developer/CoreSimulator/Devices/85DD3162-206C-44DB-A723-F4B933896B6E/data/Containers/Bundle/Application/C67B7437-D239-4035-84EB-B6260A64EE2F/EllieMinerShiftAssistant.app> (executable, loaded)
	Request       : roster-type-rotating@3x type: png path: assets/assets/onboarding/icons/consolidated
	Result        : file:///Users/user/Library/Developer/CoreSimulator/Devices/85DD3162-206C-44DB-A723-F4B933896B6E/data/Containers/Bundle/Application/C67B7437-D239-4035-84EB-B6260A64EE2F/EllieMinerShiftAssistant.app/assets/assets/onboarding/icons/consolidated/roster-type-rotating@3x.png
2026-04-06 10:30:27.314 Db EllieMinerShiftAssistant[18489:2f46bb] [com.apple.CFBundle:resources] Resource lookup at CFBundle 0x600003b081c0 </Users/user/Library/Developer/CoreSimulator/Devices/85DD3162-206C-44DB-A723-F4B933896B6E/data/Containers/Bundle/Application/C67B7437-D239-4035-84EB-B6260A64EE2F/EllieMinerShiftAssistant.app> (executable, loaded)
	Request       : roster-type-fifo type: png path: assets/assets/onboarding/icons/consolidated
	Result        : file:///Users/user/Library/Developer/CoreSimulator/Devices/85DD3162-206C-44DB-A723-F4B933896B6E/data/Containers/Bundle/Application/C67B7437-D239-4035-84EB-B6260A64EE2F/EllieMinerShiftAssistant.app/assets/assets/onboarding/icons/consolidated/roster-type-fifo.png
2026-04-06 10:30:27.314 Db EllieMinerShiftAssistant[18489:2f46bb] [com.apple.CFBundle:resources] Resource lookup at CFBundle 0x600003b081c0 </Users/user/Library/Developer/CoreSimulator/Devices/85DD3162-206C-44DB-A723-F4B933896B6E/data/Containers/Bundle/Application/C67B7437-D239-4035-84EB-B6260A64EE2F/EllieMinerShiftAssistant.app> (executable, loaded)
	Request       : roster-type-fifo@2x type: png path: assets/assets/onboarding/icons/consolidated
	Result        : file:///Users/user/Library/Developer/CoreSimulator/Devices/85DD3162-206C-44DB-A723-F4B933896B6E/data/Containers/Bundle/Application/C67B7437-D239-4035-84EB-B6260A64EE2F/EllieMinerShiftAssistant.app/assets/assets/onboarding/icons/consolidated/roster-type-fifo@2x.png
