2026-04-06 10:18:32.520 Db EllieMinerShiftAssistant[14476:2ea071] [com.apple.CFBundle:strings] Bundle: CFBundle 0x600003b100e0 </Library/Developer/CoreSimulator/Volumes/iOS_22F77/Library/Developer/CoreSimulator/Profiles/Runtimes/iOS 18.5.simruntime/Contents/Resources/RuntimeRoot/System/Library/PrivateFrameworks/UIKitCore.framework> (not loaded), key: KEYSHORTCUTHUDITEM_EDIT_SPEECH, value: Speech, table: Localizable, localizationNames: (null), result: Speech
2026-04-06 10:18:32.520 Db EllieMinerShiftAssistant[14476:2ea071] [com.apple.CFBundle:strings] Bundle: CFBundle 0x600003b100e0 </Library/Developer/CoreSimulator/Volumes/iOS_22F77/Library/Developer/CoreSimulator/Profiles/Runtimes/iOS 18.5.simruntime/Contents/Resources/RuntimeRoot/System/Library/PrivateFrameworks/UIKitCore.framework> (not loaded), key: KEYSHORTCUTHUD_FORMAT, value: Format, table: Localizable, localizationNames: (null), result: Format
2026-04-06 10:18:32.520 Db EllieMinerShiftAssistant[14476:2ea071] [com.apple.CFBundle:strings] Bundle: CFBundle 0x600003b100e0 </Library/Developer/CoreSimulator/Volumes/iOS_22F77/Library/Developer/CoreSimulator/Profiles/Runtimes/iOS 18.5.simruntime/Contents/Resources/RuntimeRoot/System/Library/PrivateFrameworks/UIKitCore.framework> (not loaded), key: KEYSHORTCUTHUDITEM_FORMAT_FONT, value: Font, table: Localizable, localizationNames: (null), result: Font
2026-04-06 10:18:32.520 Db EllieMinerShiftAssistant[14476:2ea071] [com.apple.CFBundle:strings] Bundle: CFBundle 0x600003b100e0 </Library/Developer/CoreSimulator/Volumes/iOS_22F77/Library/Developer/CoreSimulator/Profiles/Runtimes/iOS 18.5.simruntime/Contents/Resources/RuntimeRoot/System/Library/PrivateFrameworks/UIKitCore.framework> (not loaded), key: KEYSHORTCUTHUDITEM_FORMAT_TEXT, value: Text, table: Localizable, localizationNames: (null), result: Text
2026-04-06 10:18:32.520 Db EllieMinerShiftAssistant[14476:2ea071] [com.apple.CFBundle:strings] Bundle: CFBundle 0x600003b100e0 </Library/Developer/CoreSimulator/Volumes/iOS_22F77/Library/Developer/CoreSimulator/Profiles/Runtimes/iOS 18.5.simruntime/Contents/Resources/RuntimeRoot/System/Library/PrivateFrameworks/UIKitCore.framework> (not loaded), key: KEYSHORTCUTHUDITEM_FORMAT_TEXT_WRITING_DIRECTION, value: Writing Direction, table: Localizable, localizationNames: (null), result: Writing Direction
2026-04-06 10:18:32.520 Db EllieMinerShiftAssistant[14476:2ea071] [com.apple.CFBundle:strings] Bundle: CFBundle 0x600003b100e0 </Library/Developer/CoreSimulator/Volumes/iOS_22F77/Library/Developer/CoreSimulator/Profiles/Runtimes/iOS 18.5.simruntime/Contents/Resources/RuntimeRoot/System/Library/PrivateFrameworks/UIKitCore.framework> (not loaded), key: KEYSHORTCUTHUD_VIEW, value: View, table: Localizable, localizationNames: (null), result: View
2026-04-06 10:18:32.520 Db EllieMinerShiftAssistant[14476:2ea095] [com.apple.CFBundle:resources] Resource lookup at CFBundle 0x600003b04460 </Users/user/Library/Developer/CoreSimulator/Devices/85DD3162-206C-44DB-A723-F4B933896B6E/data/Containers/Bundle/Application/EC35ECFC-654C-48E8-B1FB-B0FC8389B4C9/EllieMinerShiftAssistant.app> (executable, loaded)
	Request       : clear-icon type: png path: assets/node_modules/@react-navigation/elements/lib/module/assets
	Result        : file:///Users/user/Library/Developer/CoreSimulator/Devices/85DD3162-206C-44DB-A723-F4B933896B6E/data/Containers/Bundle/Application/EC35ECFC-654C-48E8-B1FB-B0FC8389B4C9/EllieMinerShiftAssistant.app/assets/node_modules/@react-navigation/elements/lib/module/assets/clear-icon.png
2026-04-06 10:18:32.520 Db EllieMinerShiftAssistant[14476:2ea071] [com.apple.CFBundle:strings] Bundle: CFBundle 0x600003b100e0 </Library/Developer/CoreSimulator/Volumes/iOS_22F77/Library/Developer/CoreSimulator/Profiles/Runtimes/iOS 18.5.simruntime/Contents/Resources/RuntimeRoot/System/Library/PrivateFrameworks/UIKitCore.framework> (not loaded), key: KEYSHORTCUTHUD_WINDOW, value: Window, table: Localizable, localizationNames: (null), result: Window
2026-04-06 10:18:32.520 Db EllieMinerShiftAssistant[14476:2ea071] [com.apple.CFBundle:strings] Bundle: CFBundle 0x600003b100e0 </Library/Developer/CoreSimulator/Volumes/iOS_22F77/Library/Developer/CoreSimulator/Profiles/Runtimes/iOS 18.5.simruntime/Contents/Resources/RuntimeRoot/System/Library/PrivateFrameworks/UIKitCore.framework> (not loaded), key: KEYSHORTCUTHUD_HELP, value: Help, table: Localizable, localizationNames: (null), result: Help
2026-04-06 10:18:32.520 Db EllieMinerShiftAssistant[14476:2ea071] [com.apple.CFBundle:strings] Bundle: CFBundle 0x600003b100e0 </Library/Developer/CoreSimulator/Volumes/iOS_22F77/Library/Developer/CoreSimulator/Profiles/Runtimes/iOS 18.5.simruntime/Contents/Resources/RuntimeRoot/System/Library/PrivateFrameworks/UIKitCore.framework> (not loaded), key: KEYSHORTCUTHUDITEM_FORMAT_TEXT_STYLE, value: Text Style, table: Localizable, localizationNames: (null), result: Text Style
2026-04-06 10:18:32.520 Db EllieMinerShiftAssistant[14476:2ea071] [com.apple.CFBundle:strings] Bundle: CFBundle 0x600003b100e0 </Library/Developer/CoreSimulator/Volumes/iOS_22F77/Library/Developer/CoreSimulator/Profiles/Runtimes/iOS 18.5.simruntime/Contents/Resources/RuntimeRoot/System/Library/PrivateFrameworks/UIKitCore.framework> (not loaded), key: KEYSHORTCUTHUD_AUTOFILL, value: AutoFill, table: Localizable, localizationNames: (null), result: AutoFill
2026-04-06 10:18:32.520 Db EllieMinerShiftAssistant[14476:2ea095] [com.apple.CFBundle:resources] Resource lookup at CFBundle 0x600003b04460 </Users/user/Library/Developer/CoreSimulator/Devices/85DD3162-206C-44DB-A723-F4B933896B6E/data/Containers/Bundle/Application/EC35ECFC-654C-48E8-B1FB-B0FC8389B4C9/EllieMinerShiftAssistant.app> (executable, loaded)
	Request       : clear-icon@2x type: png path: assets/node_modules/@react-navigation/elements/lib/module/assets
	Result        : file:///Users/user/Library/Developer/CoreSimulator/Devices/85DD3162-206C-44DB-A723-F4B933896B6E/data/Containers/Bundle/Application/EC35ECFC-654C-48E8-B1FB-B0FC8389B4C9/EllieMinerShiftAssistant.app/assets/node_modules/@react-navigation/elements/lib/module/assets/clear-icon@2x.png
2026-04-06 10:18:32.521 Db EllieMinerShiftAssistant[14476:2ea095] [com.apple.CFBundle:resources] Resource lookup at CFBundle 0x600003b04460 </Users/user/Library/Developer/CoreSimulator/Devices/85DD3162-206C-44DB-A723-F4B933896B6E/data/Containers/Bundle/Application/EC35ECFC-654C-48E8-B1FB-B0FC8389B4C9/EllieMinerShiftAssistant.app> (executable, loaded)
	Request       : clear-icon@3x type: png path: assets/node_modules/@react-navigation/elements/lib/module/assets
	Result        : file:///Users/user/Library/Developer/CoreSimulator/Devices/85DD3162-206C-44DB-A723-F4B933896B6E/data/Containers/Bundle/Application/EC35ECFC-654C-48E8-B1FB-B0FC8389B4C9/EllieMinerShiftAssistant.app/assets/node_modules/@react-navigation/elements/lib/module/assets/clear-icon@3x.png
2026-04-06 10:18:32.521 Db EllieMinerShiftAssistant[14476:2ea071] [com.apple.BackBoard:EventDelivery] flushing changes: {
    contentsMask: 0x8; keyCommandsRegistrations: [environment: keyboardFocus; token: 0x25FF293E; keyCommands: 29];
}
2026-04-06 10:18:32.521 Db EllieMinerShiftAssistant[14476:2ea095] [com.apple.CFBundle:resources] Resource lookup at CFBundle 0x600003b04460 </Users/user/Library/Developer/CoreSimulator/Devices/85DD3162-206C-44DB-A723-F4B933896B6E/data/Containers/Bundle/Application/EC35ECFC-654C-48E8-B1FB-B0FC8389B4C9/EllieMinerShiftAssistant.app> (executable, loaded)
	Request       : close-icon type: png path: assets/node_modules/@react-navigation/elements/lib/module/assets
	Result        : file:///Users/user/Library/Developer/CoreSimulator/Devices/85DD3162-206C-44DB-A723-F4B933896B6E/data/Containers/Bundle/Application/EC35ECFC-654C-48E8-B1FB-B0FC8389B4C9/EllieMinerShiftAssistant.app/assets/node_modules/@react-navigation/elements/lib/module/assets/close-icon.png
2026-04-06 10:18:32.521 Db EllieMinerShiftAssistant[14476:2ea095] [com.apple.CFBundle:resources] Resource lookup at CFBundle 0x600003b04460 </Users/user/Library/Developer/CoreSimulator/Devices/85DD3162-206C-44DB-A723-F4B933896B6E/data/Containers/Bundle/Application/EC35ECFC-654C-48E8-B1FB-B0FC8389B4C9/EllieMinerShiftAssistant.app> (executable, loaded)
	Request       : close-icon type: png path: assets/node_modules/@react-navigation/elements/lib/module/assets
	Result        : file:///Users/user/Library/Developer/CoreSimulator/Devices/85DD3162-206C-44DB-A723-F4B933896B6E/data/Containers/Bundle/Application/EC35ECFC-654C-48E8-B1FB-B0FC8389B4C9/EllieMinerShiftAssistant.app/assets/node_modules/@react-navigation/elements/lib/module/assets/close-icon.png
2026-04-06 10:18:32.521 Db EllieMinerShiftAssistant[14476:2ea095] [com.apple.CFBundle:resources] Resource lookup at CFBundle 0x600003b04460 </Users/user/Library/Developer/CoreSimulator/Devices/85DD3162-206C-44DB-A723-F4B933896B6E/data/Containers/Bundle/Application/EC35ECFC-654C-48E8-B1FB-B0FC8389B4C9/EllieMinerShiftAssistant.app> (executable, loaded)
	Request       : close-icon@2x type: png path: assets/node_modules/@react-navigation/elements/lib/module/assets
	Result        : file:///Users/user/Library/Developer/CoreSimulator/Devices/85DD3162-206C-44DB-A723-F4B933896B6E/data/Containers/Bundle/Application/EC35ECFC-654C-48E8-B1FB-B0FC8389B4C9/EllieMinerShiftAssistant.app/assets/node_modules/@react-navigation/elements/lib/module/assets/close-icon@2x.png
2026-04-06 10:18:32.521 Db EllieMinerShiftAssistant[14476:2ea0af] [com.apple.runningboard:message] PERF: [app<com.ellie.minershiftassistant((null))>:14476] Received message from runningboardd: async_didChangeInheritances:completion:
2026-04-06 10:18:32.522 A  EllieMinerShiftAssistant[14476:2ea0af] (RunningBoardServices) didChangeInheritances
2026-04-06 10:18:32.522 Db EllieMinerShiftAssistant[14476:2ea0af] [com.apple.runningboard:connection] didChangeInheritances: <RBSInheritanceChangeSet| gained:{(
    <RBSInheritance| environment:UIScene:com.apple.frontboard.systemappservices/FBSceneManager:sceneID%3Acom.ellie.minershiftassistant-default name:com.apple.frontboard.visibility origID:14237-14232-166 payload 14346615290047598671>
)} lost:(null)>
2026-04-06 10:18:32.522 Db EllieMinerShiftAssistant[14476:2ea095] [com.apple.CFBundle:resources] Resource lookup at CFBundle 0x600003b04460 </Users/user/Library/Developer/CoreSimulator/Devices/85DD3162-206C-44DB-A723-F4B933896B6E/data/Containers/Bundle/Application/EC35ECFC-654C-48E8-B1FB-B0FC8389B4C9/EllieMinerShiftAssistant.app> (executable, loaded)
	Request       : close-icon@3x type: png path: assets/node_modules/@react-navigation/elements/lib/module/assets
	Result        : file:///Users/user/Library/Developer/CoreSimulator/Devices/85DD3162-206C-44DB-A723-F4B933896B6E/data/Containers/Bundle/Application/EC35ECFC-654C-48E8-B1FB-B0FC8389B4C9/EllieMinerShiftAssistant.app/assets/node_modules/@react-navigation/elements/lib/module/assets/close-icon@3x.png
2026-04-06 10:18:32.522 Db EllieMinerShiftAssistant[14476:2ea095] [com.apple.CFBundle:resources] Resource lookup at CFBundle 0x600003b04460 </Users/user/Library/Developer/CoreSimulator/Devices/85DD3162-206C-44DB-A723-F4B933896B6E/data/Containers/Bundle/Application/EC35ECFC-654C-48E8-B1FB-B0FC8389B4C9/EllieMinerShiftAssistant.app> (executable, loaded)
	Request       : search-icon type: png path: assets/node_modules/@react-navigation/elements/lib/module/assets
	Result        : file:///Users/user/Library/Developer/CoreSimulator/Devices/85DD3162-206C-44DB-A723-F4B933896B6E/data/Containers/Bundle/Application/EC35ECFC-654C-48E8-B1FB-B0FC8389B4C9/EllieMinerShiftAssistant.app/assets/node_modules/@react-navigation/elements/lib/module/assets/search-icon.png
2026-04-06 10:18:32.522 Df EllieMinerShiftAssistant[14476:2ea071] [com.apple.network:activity] Create activity from XPC object <nw_activity 50:1 [539860AB-3BF3-400F-8E86-E91E06BC1ECE] (reporting strategy default)>
2026-04-06 10:18:32.522 Df EllieMinerShiftAssistant[14476:2ea071] [com.apple.network:activity] Create activity from XPC object <nw_activity 50:2 [55E04B63-5A77-4025-B25E-809A935FFC50] (reporting strategy default)>
2026-04-06 10:18:32.522 Df EllieMinerShiftAssistant[14476:2ea0b7] [com.apple.CoreAnalytics:client] No XPC connection in Simulator
2026-04-06 10:18:32.522 Df EllieMinerShiftAssistant[14476:2ea071] [com.apple.network:activity] Set activity <nw_activity 50:1 [539860AB-3BF3-400F-8E86-E91E06BC1ECE] (reporting strategy default)> as the global parent
2026-04-06 10:18:32.522 Db EllieMinerShiftAssistant[14476:2ea095] [com.apple.CFBundle:resources] Resource lookup at CFBundle 0x600003b04460 </Users/user/Library/Developer/CoreSimulator/Devices/85DD3162-206C-44DB-A723-F4B933896B6E/data/Containers/Bundle/Application/EC35ECFC-654C-48E8-B1FB-B0FC8389B4C9/EllieMinerShiftAssistant.app> (executable, loaded)
	Request       : search-icon@2x type: png path: assets/node_modules/@react-navigation/elements/lib/module/assets
	Result        : file:///Users/user/Library/Developer/CoreSimulator/Devices/85DD3162-206C-44DB-A723-F4B933896B6E/data/Containers/Bundle/Application/EC35ECFC-654C-48E8-B1FB-B0FC8389B4C9/EllieMinerShiftAssistant.app/assets/node_modules/@react-navigation/elements/lib/module/assets/search-icon@2x.png
2026-04-06 10:18:32.522 Df EllieMinerShiftAssistant[14476:2ea071] [com.apple.UIKit:BackgroundTask] Ending background task with UIBackgroundTaskIdentifier: 1
2026-04-06 10:18:32.522 Df EllieMinerShiftAssistant[14476:2ea071] [com.apple.UIKit:BackgroundTask] Ending task with identifier 1 and description: <_UIBackgroundTaskInfo: 0x600001720e80>: taskID = 1, taskName = Launch Background Task for Coalescing, creationTime = 70188 (elapsed = 0), _expireHandler: (null)
2026-04-06 10:18:32.522 Df EllieMinerShiftAssistant[14476:2ea071] [com.apple.UIKit:BackgroundTask] Decrementing reference count for assertion <BKSProcessAssertion: 0x600002113c50> (used by background task with identifier 1: <_UIBackgroundTaskInfo: 0x600001720e80>: taskID = 1, taskName = Launch Background Task for Coalescing, creationTime = 70188 (elapsed = 0))
2026-04-06 10:18:32.522 Db EllieMinerShiftAssistant[14476:2ea071] [com.apple.defaults:User Defaults] found no value for key LogEventBus in CFPrefsSearchListSource<0x600002c05880> (Domain: com.apple.UIKit, Container: (null))
2026-04-06 10:18:32.522 Df EllieMinerShiftAssistant[14476:2ea071] [com.apple.UIKit:EventBus] Event Timing Profile for Touch: not found, path="/System/Library/EventTimingProfiles/Sim.Touch.plist"
2026-04-06 10:18:32.522 Df EllieMinerShiftAssistant[14476:2ea071] [com.apple.UIKit:EventBus] Event Timing Profile for Pencil: not found, path="/System/Library/EventTimingProfiles/Sim.Pencil.plist"
2026-04-06 10:18:32.523 Df EllieMinerShiftAssistant[14476:2ea071] [com.apple.UIKit:UpdateScheduler] Target list changed: <CADisplay:LCD PurpleMain>
2026-04-06 10:18:32.523 Db EllieMinerShiftAssistant[14476:2ea071] [com.apple.defaults:User Defaults] found no value for key LogUpdateCycle in CFPrefsSearchListSource<0x600002c05880> (Domain: com.apple.UIKit, Container: (null))
2026-04-06 10:18:32.522 Db EllieMinerShiftAssistant[14476:2ea095] [com.apple.CFBundle:resources] Resource lookup at CFBundle 0x600003b04460 </Users/user/Library/Developer/CoreSimulator/Devices/85DD3162-206C-44DB-A723-F4B933896B6E/data/Containers/Bundle/Application/EC35ECFC-654C-48E8-B1FB-B0FC8389B4C9/EllieMinerShiftAssistant.app> (executable, loaded)
	Request       : search-icon@3x type: png path: assets/node_modules/@react-navigation/elements/lib/module/assets
	Result        : file:///Users/user/Library/Developer/CoreSimulator/Devices/85DD3162-206C-44DB-A723-F4B933896B6E/data/Containers/Bundle/Application/EC35ECFC-654C-48E8-B1FB-B0FC8389B4C9/EllieMinerShiftAssistant.app/assets/node_modules/@react-navigation/elements/lib/module/assets/search-icon@3x.png
2026-04-06 10:18:32.523 Df EllieMinerShiftAssistant[14476:2ea071] [com.apple.UIKit:AppLifecycle] sceneOfRecord: sceneID: sceneID:com.ellie.minershiftassistant-default  persistentID: 862E1BF5-BD2F-4275-BFAF-DBBB7A135D46
2026-04-06 10:18:32.522 E  EllieMinerShiftAssistant[14476:2ea0b7] [com.apple.app_launch_measurement:General] Failed to send CA Event for app launch measurements for ca_event_type: 0 event_name: com.apple.app_launch_measurement.FirstFramePresentationMetric
2026-04-06 10:18:32.523 Db EllieMinerShiftAssistant[14476:2ea071] [com.apple.BacklightServices:scenes] 0x600000c46be0 environment updated:sceneID:com.ellie.minershiftassistant-default
  delta:{ visualState:0 date:0 active:0 seed:0 }
  diff:<FBSSceneSettingsDiff: 0x600001718a80; UIApplicationSceneSettings> {
    subclassSettings = <BSSettingsDiff: 0x600000c066a0> {
        targetOfEventDeferringEnvironments = keyboardFocus;
    };
}
  new:(null) (null)
  old:(null) (null)
  new:(null)
2026-04-06 10:18:32.523 Db EllieMinerShiftAssistant[14476:2ea071] [com.apple.BaseBoard:Common] [BSBlockSentinel:FBSScene] signaled! 1 of 2
2026-04-06 10:18:32.523 Db EllieMinerShiftAssistant[14476:2ea095] [com.apple.CFBundle:resources] Resource lookup at CFBundle 0x600003b04460 </Users/user/Library/Developer/CoreSimulator/Devices/85DD3162-206C-44DB-A723-F4B933896B6E/data/Containers/Bundle/Application/EC35ECFC-654C-48E8-B1FB-B0FC8389B4C9/EllieMinerShiftAssistant.app> (executable, loaded)
	Request       : AntDesign type: ttf path: assets/node_modules/@expo/vector-icons/build/vendor/react-native-vector-icons/Fonts
	Result        : file:///Users/user/Library/Developer/CoreSimulator/Devices/85DD3162-206C-44DB-A723-F4B933896B6E/data/Containers/Bundle/Application/EC35ECFC-654C-48E8-B1FB-B0FC8389B4C9/EllieMinerShiftAssistant.app/assets/node_modules/@expo/vector-icons/build/vendor/react-native-vector-icons/Fonts/AntDesign.ttf
2026-04-06 10:18:32.523 Db EllieMinerShiftAssistant[14476:2ea0b7] [com.apple.runningboard:message] PERF: [app<com.ellie.minershiftassistant((null))>:14476] Received message from runningboardd: async_didChangeInheritances:completion:
2026-04-06 10:18:32.523 A  EllieMinerShiftAssistant[14476:2ea0b7] (RunningBoardServices) didChangeInheritances
2026-04-06 10:18:32.524 Db EllieMinerShiftAssistant[14476:2ea0b7] [com.apple.runningboard:connection] didChangeInheritances: <RBSInheritanceChangeSet| gained:{(
    <RBSInheritance| environment:UIScene:com.apple.frontboard.systemappservices/FBSceneManager:sceneID%3Acom.ellie.minershiftassistant-default name:com.apple.frontboard.visibility origID:14237-14232-167 payload 14346615290047598671>
)} lost:(null)>
2026-04-06 10:18:32.524 A  EllieMinerShiftAssistant[14476:2ea071] (CoreFoundation) Updating Key-Value Observers Of Preferences
2026-04-06 10:18:32.524 Db EllieMinerShiftAssistant[14476:2ea095] [com.apple.CFBundle:resources] Resource lookup at CFBundle 0x600003b04460 </Users/user/Library/Developer/CoreSimulator/Devices/85DD3162-206C-44DB-A723-F4B933896B6E/data/Containers/Bundle/Application/EC35ECFC-654C-48E8-B1FB-B0FC8389B4C9/EllieMinerShiftAssistant.app> (executable, loaded)
	Request       : Entypo type: ttf path: assets/node_modules/@expo/vector-icons/build/vendor/react-native-vector-icons/Fonts
	Result        : file:///Users/user/Library/Developer/CoreSimulator/Devices/85DD3162-206C-44DB-A723-F4B933896B6E/data/Containers/Bundle/Application/EC35ECFC-654C-48E8-B1FB-B0FC8389B4C9/EllieMinerShiftAssistant.app/assets/node_modules/@expo/vector-icons/build/vendor/react-native-vector-icons/Fonts/Entypo.ttf
2026-04-06 10:18:32.524 Db EllieMinerShiftAssistant[14476:2ea095] [com.apple.CFBundle:resources] Resource lookup at CFBundle 0x600003b04460 </Users/user/Library/Developer/CoreSimulator/Devices/85DD3162-206C-44DB-A723-F4B933896B6E/data/Containers/Bundle/Application/EC35ECFC-654C-48E8-B1FB-B0FC8389B4C9/EllieMinerShiftAssistant.app> (executable, loaded)
	Request       : EvilIcons type: ttf path: assets/node_modules/@expo/vector-icons/build/vendor/react-native-vector-icons/Fonts
	Result        : file:///Users/user/Library/Developer/CoreSimulator/Devices/85DD3162-206C-44DB-A723-F4B933896B6E/data/Containers/Bundle/Application/EC35ECFC-654C-48E8-B1FB-B0FC8389B4C9/EllieMinerShiftAssistant.app/assets/node_modules/@expo/vector-icons/build/vendor/react-native-vector-icons/Fonts/EvilIcons.ttf
2026-04-06 10:18:32.524 I  EllieMinerShiftAssistant[14476:2ea071] [com.apple.Accessibility:AXAppAccessibility] Loading settings loader: (system: 0)
2026-04-06 10:18:32.524 Db EllieMinerShiftAssistant[14476:2ea095] [com.apple.CFBundle:resources] Resource lookup at CFBundle 0x600003b04460 </Users/user/Library/Developer/CoreSimulator/Devices/85DD3162-206C-44DB-A723-F4B933896B6E/data/Containers/Bundle/Application/EC35ECFC-654C-48E8-B1FB-B0FC8389B4C9/EllieMinerShiftAssistant.app> (executable, loaded)
	Request       : Feather type: ttf path: assets/node_modules/@expo/vector-icons/build/vendor/react-native-vector-icons/Fonts
	Result        : file:///Users/user/Library/Developer/CoreSimulator/Devices/85DD3162-206C-44DB-A723-F4B933896B6E/data/Containers/Bundle/Application/EC35ECFC-654C-48E8-B1FB-B0FC8389B4C9/EllieMinerShiftAssistant.app/assets/node_modules/@expo/vector-icons/build/vendor/react-native-vector-icons/Fonts/Feather.ttf
2026-04-06 10:18:32.525 Db EllieMinerShiftAssistant[14476:2ea071] [com.apple.defaults:User Defaults] found no value for key ZoomTouchEnabled in CFPrefsSearchListSource<0x600002c0c780> (Domain: com.apple.Accessibility, Container: (null))
2026-04-06 10:18:32.525 Db EllieMinerShiftAssistant[14476:2ea071] [com.apple.Accessibility:AXSupportCommon] CF Read: domain = com.apple.Accessibility, preference = ZoomTouchEnabled, appID = (null) result = (null) (-1 - empty, 0 - false, 1 - true)
2026-04-06 10:18:32.525 Db EllieMinerShiftAssistant[14476:2ea071] [com.apple.defaults:User Defaults] found no value for key ZoomTouchEnabled in CFPrefsPlistSource<0x600002c0cb00> (Domain: com.apple.Accessibility, User: kCFPreferencesCurrentUser, ByHost: No, Container: /Users/user/Library/Developer/CoreSimulator/Devices/85DD3162-206C-44DB-A723-F4B933896B6E/data, Contents Need Refresh: No)
2026-04-06 10:18:32.525 Db EllieMinerShiftAssistant[14476:2ea071] [com.apple.defaults:User Defaults] found no value for key SpeechSettingsDisabledByManagedConfiguration in CFPrefsSearchListSource<0x600002c0c780> (Domain: com.apple.Accessibility, Container: (null))
2026-04-06 10:18:32.525 Db EllieMinerShiftAssistant[14476:2ea071] [com.apple.Accessibility:AXSupportCommon] CF Read: domain = com.apple.Accessibility, preference = SpeechSettingsDisabledByManagedConfiguration, appID = (null) result = (null) (-1 - empty, 0 - false, 1 - true)
2026-04-06 10:18:32.525 Db EllieMinerShiftAssistant[14476:2ea095] [com.apple.CFBundle:resources] Resource lookup at CFBundle 0x600003b04460 </Users/user/Library/Developer/CoreSimulator/Devices/85DD3162-206C-44DB-A723-F4B933896B6E/data/Containers/Bundle/Application/EC35ECFC-654C-48E8-B1FB-B0FC8389B4C9/EllieMinerShiftAssistant.app> (executable, loaded)
	Request       : Fontisto type: ttf path: assets/node_modules/@expo/vector-icons/build/vendor/react-native-vector-icons/Fonts
	Result        : file:///Users/user/Library/Developer/CoreSimulator/Devices/85DD3162-206C-44DB-A723-F4B933896B6E/data/Containers/Bundle/Application/EC35ECFC-654C-48E8-B1FB-B0FC8389B4C9/EllieMinerShiftAssistant.app/assets/node_modules/@expo/vector-icons/build/vendor/react-native-vector-icons/Fonts/Fontisto.ttf
2026-04-06 10:18:32.525 Db EllieMinerShiftAssistant[14476:2ea071] [com.apple.defaults:User Defaults] found no value for key SpeechSettingsDisabledByManagedConfiguration in CFPrefsPlistSource<0x600002c0cb00> (Domain: com.apple.Accessibility, User: kCFPreferencesCurrentUser, ByHost: No, Container: /Users/user/Library/Developer/CoreSimulator/Devices/85DD3162-206C-44DB-A723-F4B933896B6E/data, Contents Need Refresh: No)
2026-04-06 10:18:32.525 Db EllieMinerShiftAssistant[14476:2ea071] [com.apple.defaults:User Defaults] found no value for key SpeakThisEnabled in CFPrefsSearchListSource<0x600002c0c780> (Domain: com.apple.Accessibility, Container: (null))
2026-04-06 10:18:32.525 Db EllieMinerShiftAssistant[14476:2ea071] [com.apple.Accessibility:AXSupportCommon] CF Read: domain = com.apple.Accessibility, preference = SpeakThisEnabled, appID = (null) result = (null) (-1 - empty, 0 - false, 1 - true)
2026-04-06 10:18:32.525 Db EllieMinerShiftAssistant[14476:2ea071] [com.apple.defaults:User Defaults] found no value for key SpeakThisEnabled in CFPrefsPlistSource<0x600002c0cb00> (Domain: com.apple.Accessibility, User: kCFPreferencesCurrentUser, ByHost: No, Container: /Users/user/Library/Developer/CoreSimulator/Devices/85DD3162-206C-44DB-A723-F4B933896B6E/data, Contents Need Refresh: No)
2026-04-06 10:18:32.525 Db EllieMinerShiftAssistant[14476:2ea095] [com.apple.CFBundle:resources] Resource lookup at CFBundle 0x600003b04460 </Users/user/Library/Developer/CoreSimulator/Devices/85DD3162-206C-44DB-A723-F4B933896B6E/data/Containers/Bundle/Application/EC35ECFC-654C-48E8-B1FB-B0FC8389B4C9/EllieMinerShiftAssistant.app> (executable, loaded)
	Request       : FontAwesome type: ttf path: assets/node_modules/@expo/vector-icons/build/vendor/react-native-vector-icons/Fonts
	Result        : file:///Users/user/Library/Developer/CoreSimulator/Devices/85DD3162-206C-44DB-A723-F4B933896B6E/data/Containers/Bundle/Application/EC35ECFC-654C-48E8-B1FB-B0FC8389B4C9/EllieMinerShiftAssistant.app/assets/node_modules/@expo/vector-icons/build/vendor/react-native-vector-icons/Fonts/FontAwesome.ttf
2026-04-06 10:18:32.557 Db EllieMinerShiftAssistant[14476:2ea095] [com.apple.CFBundle:resources] Resource lookup at CFBundle 0x600003b04460 </Users/user/Library/Developer/CoreSimulator/Devices/85DD3162-206C-44DB-A723-F4B933896B6E/data/Containers/Bundle/Application/EC35ECFC-654C-48E8-B1FB-B0FC8389B4C9/EllieMinerShiftAssistant.app> (executable, loaded)
	Request       : FontAwesome5_Regular type: ttf path: assets/node_modules/@expo/vector-icons/build/vendor/react-native-vector-icons/Fonts
	Result        : file:///Users/user/Library/Developer/CoreSimulator/Devices/85DD3162-206C-44DB-A723-F4B933896B6E/data/Containers/Bundle/Application/EC35ECFC-654C-48E8-B1FB-B0FC8389B4C9/EllieMinerShiftAssistant.app/assets/node_modules/@expo/vector-icons/build/vendor/react-native-vector-icons/Fonts/FontAwesome5_Regular.ttf
2026-04-06 10:18:32.558 Db EllieMinerShiftAssistant[14476:2ea095] [com.apple.CFBundle:resources] Resource lookup at CFBundle 0x600003b04460 </Users/user/Library/Developer/CoreSimulator/Devices/85DD3162-206C-44DB-A723-F4B933896B6E/data/Containers/Bundle/Application/EC35ECFC-654C-48E8-B1FB-B0FC8389B4C9/EllieMinerShiftAssistant.app> (executable, loaded)
	Request       : FontAwesome5_Solid type: ttf path: assets/node_modules/@expo/vector-icons/build/vendor/react-native-vector-icons/Fonts
	Result        : file:///Users/user/Library/Developer/CoreSimulator/Devices/85DD3162-206C-44DB-A723-F4B933896B6E/data/Containers/Bundle/Application/EC35ECFC-654C-48E8-B1FB-B0FC8389B4C9/EllieMinerShiftAssistant.app/assets/node_modules/@expo/vector-icons/build/vendor/react-native-vector-icons/Fonts/FontAwesome5_Solid.ttf
2026-04-06 10:18:32.558 Db EllieMinerShiftAssistant[14476:2ea071] [com.apple.defaults:User Defaults] found no value for key __NSTextAttachmentAlwaysUsesAttachmentView in CFPrefsSearchListSource<0x600002c00180> (Domain: com.ellie.minershiftassistant, Container: (null))
2026-04-06 10:18:32.558 Db EllieMinerShiftAssistant[14476:2ea095] [com.apple.CFBundle:resources] Resource lookup at CFBundle 0x600003b04460 </Users/user/Library/Developer/CoreSimulator/Devices/85DD3162-206C-44DB-A723-F4B933896B6E/data/Containers/Bundle/Application/EC35ECFC-654C-48E8-B1FB-B0FC8389B4C9/EllieMinerShiftAssistant.app> (executable, loaded)
	Request       : FontAwesome5_Brands type: ttf path: assets/node_modules/@expo/vector-icons/build/vendor/react-native-vector-icons/Fonts
	Result        : file:///Users/user/Library/Developer/CoreSimulator/Devices/85DD3162-206C-44DB-A723-F4B933896B6E/data/Containers/Bundle/Application/EC35ECFC-654C-48E8-B1FB-B0FC8389B4C9/EllieMinerShiftAssistant.app/assets/node_modules/@expo/vector-icons/build/vendor/react-native-vector-icons/Fonts/FontAwesome5_Brands.ttf
2026-04-06 10:18:32.559 Db EllieMinerShiftAssistant[14476:2ea095] [com.apple.CFBundle:resources] Resource lookup at CFBundle 0x600003b04460 </Users/user/Library/Developer/CoreSimulator/Devices/85DD3162-206C-44DB-A723-F4B933896B6E/data/Containers/Bundle/Application/EC35ECFC-654C-48E8-B1FB-B0FC8389B4C9/EllieMinerShiftAssistant.app> (executable, loaded)
	Request       : FontAwesome6_Regular type: ttf path: assets/node_modules/@expo/vector-icons/build/vendor/react-native-vector-icons/Fonts
	Result        : file:///Users/user/Library/Developer/CoreSimulator/Devices/85DD3162-206C-44DB-A723-F4B933896B6E/data/Containers/Bundle/Application/EC35ECFC-654C-48E8-B1FB-B0FC8389B4C9/EllieMinerShiftAssistant.app/assets/node_modules/@expo/vector-icons/build/vendor/react-native-vector-icons/Fonts/FontAwesome6_Regular.ttf
2026-04-06 10:18:32.559 Db EllieMinerShiftAssistant[14476:2ea095] [com.apple.CFBundle:resources] Resource lookup at CFBundle 0x600003b04460 </Users/user/Library/Developer/CoreSimulator/Devices/85DD3162-206C-44DB-A723-F4B933896B6E/data/Containers/Bundle/Application/EC35ECFC-654C-48E8-B1FB-B0FC8389B4C9/EllieMinerShiftAssistant.app> (executable, loaded)
	Request       : FontAwesome6_Solid type: ttf path: assets/node_modules/@expo/vector-icons/build/vendor/react-native-vector-icons/Fonts
	Result        : file:///Users/user/Library/Developer/CoreSimulator/Devices/85DD3162-206C-44DB-A723-F4B933896B6E/data/Containers/Bundle/Application/EC35ECFC-654C-48E8-B1FB-B0FC8389B4C9/EllieMinerShiftAssistant.app/assets/node_modules/@expo/vector-icons/build/vendor/react-native-vector-icons/Fonts/FontAwesome6_Solid.ttf
2026-04-06 10:18:32.559 Db EllieMinerShiftAssistant[14476:2ea095] [com.apple.CFBundle:resources] Resource lookup at CFBundle 0x600003b04460 </Users/user/Library/Developer/CoreSimulator/Devices/85DD3162-206C-44DB-A723-F4B933896B6E/data/Containers/Bundle/Application/EC35ECFC-654C-48E8-B1FB-B0FC8389B4C9/EllieMinerShiftAssistant.app> (executable, loaded)
	Request       : FontAwesome6_Brands type: ttf path: assets/node_modules/@expo/vector-icons/build/vendor/react-native-vector-icons/Fonts
	Result        : file:///Users/user/Library/Developer/CoreSimulator/Devices/85DD3162-206C-44DB-A723-F4B933896B6E/data/Containers/Bundle/Application/EC35ECFC-654C-48E8-B1FB-B0FC8389B4C9/EllieMinerShiftAssistant.app/assets/node_modules/@expo/vector-icons/build/vendor/react-native-vector-icons/Fonts/FontAwesome6_Brands.ttf
2026-04-06 10:18:32.560 Db EllieMinerShiftAssistant[14476:2ea071] [com.apple.defaults:User Defaults] found no value for key com.google.GTMSessionFetcher.downloads in CFPrefsSearchListSource<0x600002c00180> (Domain: com.ellie.minershiftassistant, Container: (null))
2026-04-06 10:18:32.560 Db EllieMinerShiftAssistant[14476:2ea071] [com.apple.defaults:User Defaults] found no value for key com.google.GTMSessionFetcher.downloads in CFPrefsSearchListSource<0x600002c00180> (Domain: com.ellie.minershiftassistant, Container: (null))
2026-04-06 10:18:32.560 Db EllieMinerShiftAssistant[14476:2ea095] [com.apple.CFBundle:resources] Resource lookup at CFBundle 0x600003b04460 </Users/user/Library/Developer/CoreSimulator/Devices/85DD3162-206C-44DB-A723-F4B933896B6E/data/Containers/Bundle/Application/EC35ECFC-654C-48E8-B1FB-B0FC8389B4C9/EllieMinerShiftAssistant.app> (executable, loaded)
	Request       : Foundation type: ttf path: assets/node_modules/@expo/vector-icons/build/vendor/react-native-vector-icons/Fonts
	Result        : file:///Users/user/Library/Developer/CoreSimulator/Devices/85DD3162-206C-44DB-A723-F4B933896B6E/data/Containers/Bundle/Application/EC35ECFC-654C-48E8-B1FB-B0FC8389B4C9/EllieMinerShiftAssistant.app/assets/node_modules/@expo/vector-icons/build/vendor/react-native-vector-icons/Fonts/Foundation.ttf
2026-04-06 10:18:32.560 Db EllieMinerShiftAssistant[14476:2ea095] [com.apple.CFBundle:resources] Resource lookup at CFBundle 0x600003b04460 </Users/user/Library/Developer/CoreSimulator/Devices/85DD3162-206C-44DB-A723-F4B933896B6E/data/Containers/Bundle/Application/EC35ECFC-654C-48E8-B1FB-B0FC8389B4C9/EllieMinerShiftAssistant.app> (executable, loaded)
	Request       : Ionicons type: ttf path: assets/node_modules/@expo/vector-icons/build/vendor/react-native-vector-icons/Fonts
	Result        : file:///Users/user/Library/Developer/CoreSimulator/Devices/85DD3162-206C-44DB-A723-F4B933896B6E/data/Containers/Bundle/Application/EC35ECFC-654C-48E8-B1FB-B0FC8389B4C9/EllieMinerShiftAssistant.app/assets/node_modules/@expo/vector-icons/build/vendor/react-native-vector-icons/Fonts/Ionicons.ttf
2026-04-06 10:18:32.561 Db EllieMinerShiftAssistant[14476:2ea095] [com.apple.CFBundle:resources] Resource lookup at CFBundle 0x600003b04460 </Users/user/Library/Developer/CoreSimulator/Devices/85DD3162-206C-44DB-A723-F4B933896B6E/data/Containers/Bundle/Application/EC35ECFC-654C-48E8-B1FB-B0FC8389B4C9/EllieMinerShiftAssistant.app> (executable, loaded)
	Request       : MaterialCommunityIcons type: ttf path: assets/node_modules/@expo/vector-icons/build/vendor/react-native-vector-icons/Fonts
	Result        : file:///Users/user/Library/Developer/CoreSimulator/Devices/85DD3162-206C-44DB-A723-F4B933896B6E/data/Containers/Bundle/Application/EC35ECFC-654C-48E8-B1FB-B0FC8389B4C9/EllieMinerShiftAssistant.app/assets/node_modules/@expo/vector-icons/build/vendor/react-native-vector-icons/Fonts/MaterialCommunityIcons.ttf
2026-04-06 10:18:32.561 Df EllieMinerShiftAssistant[14476:2ea071] [com.apple.UIKit:EventDeferring] [0x6000029305b0] Scene target of event deferring environments did update: scene: 0x109973130; current systemShellManagesKeyboardFocus: 1; systemShellManagesKeyboardFocusForScene: 1; eligibleForRecordRemoval: 1;
2026-04-06 10:18:32.561 Df EllieMinerShiftAssistant[14476:2ea071] [com.apple.UIKit:KeyWindow] Scene became target of keyboard event deferring environment: UIWindowScene: 0x109973130; scene identity: com.apple.frontboard.systemappservices/FBSceneManager:sceneID%3Acom.ellie.minershiftassistant-default
2026-04-06 10:18:32.561 Db EllieMinerShiftAssistant[14476:2ea071] [com.apple.defaults:User Defaults] found no value for key LogFirstResponderRestoration in CFPrefsSearchListSource<0x600002c05880> (Domain: com.apple.UIKit, Container: (null))
2026-04-06 10:18:32.561 Db EllieMinerShiftAssistant[14476:2ea0b1] [com.apple.BaseBoard:Common] [BSBlockSentinel:FBSScene] signaled! 2 of 2
2026-04-06 10:18:32.561 Db EllieMinerShiftAssistant[14476:2ea071] [com.apple.defaults:User Defaults] found no value for key AutomationEnabled in CFPrefsSearchListSource<0x600002c0c780> (Domain: com.apple.Accessibility, Container: (null))
2026-04-06 10:18:32.561 Db EllieMinerShiftAssistant[14476:2ea0b1] [com.apple.BaseBoard:Common] [BSBlockSentinel:FBSScene] dealloc
2026-04-06 10:18:32.561 Db EllieMinerShiftAssistant[14476:2ea071] [com.apple.Accessibility:AXSupportCommon] CF Read: domain = com.apple.Accessibility, preference = AutomationEnabled, appID = (null) result = (null) (-1 - empty, 0 - false, 1 - true)
2026-04-06 10:18:32.561 Db EllieMinerShiftAssistant[14476:2ea071] [com.apple.defaults:User Defaults] found no value for key AutomationEnabled in CFPrefsPlistSource<0x600002c0cb00> (Domain: com.apple.Accessibility, User: kCFPreferencesCurrentUser, ByHost: No, Container: /Users/user/Library/Developer/CoreSimulator/Devices/85DD3162-206C-44DB-A723-F4B933896B6E/data, Contents Need Refresh: No)
2026-04-06 10:18:32.561 Df EllieMinerShiftAssistant[14476:2ea071] [com.apple.UIKit:InterfaceStyle] Not push traits update to screen for new style 1, <UIWindowScene: 0x109973130> (862E1BF5-BD2F-4275-BFAF-DBBB7A135D46)
2026-04-06 10:18:32.561 Df EllieMinerShiftAssistant[14476:2ea071] [com.apple.UIKit:AppLifecycle] sceneOfRecord: sceneID: sceneID:com.ellie.minershiftassistant-default  persistentID: 862E1BF5-BD2F-4275-BFAF-DBBB7A135D46
2026-04-06 10:18:32.561 Df EllieMinerShiftAssistant[14476:2ea071] [com.apple.UIKit:Application] Deactivation reason removed: 12; deactivation reasons: 4128 -> 32; animating application lifecycle event: 1
2026-04-06 10:18:32.561 Df EllieMinerShiftAssistant[14476:2ea071] [com.apple.KeyboardArbiter:Client] Send setDeactivating: N (-DeactivationReason:SuspendedEventsOnly)
2026-04-06 10:18:32.562 Df EllieMinerShiftAssistant[14476:2ea071] [com.apple.UIKit:Application] Deactivation reason removed: 5; deactivation reasons: 32 -> 0; animating application lifecycle event: 0
2026-04-06 10:18:32.562 Db EllieMinerShiftAssistant[14476:2ea071] [com.apple.BacklightServices:scenes] 0x600000c46be0 environment updated:sceneID:com.ellie.minershiftassistant-default
  delta:{ visualState:0 date:0 active:0 seed:0 }
  diff:<FBSSceneSettingsDiff: 0x6000017183c0; UIApplicationSceneSettings> {
    subclassSettings = <BSSettingsDiff: 0x600000c05e60> {
        deactivationReasons = ;
    };
}
  new:(null) (null)
  old:(null) (null)
  new:(null)
2026-04-06 10:18:32.562 Db EllieMinerShiftAssistant[14476:2ea095] [com.apple.CFBundle:resources] Resource lookup at CFBundle 0x600003b04460 </Users/user/Library/Developer/CoreSimulator/Devices/85DD3162-206C-44DB-A723-F4B933896B6E/data/Containers/Bundle/Application/EC35ECFC-654C-48E8-B1FB-B0FC8389B4C9/EllieMinerShiftAssistant.app> (executable, loaded)
	Request       : MaterialIcons type: ttf path: assets/node_modules/@expo/vector-icons/build/vendor/react-native-vector-icons/Fonts
	Result        : file:///Users/user/Library/Developer/CoreSimulator/Devices/85DD3162-206C-44DB-A723-F4B933896B6E/data/Containers/Bundle/Application/EC35ECFC-654C-48E8-B1FB-B0FC8389B4C9/EllieMinerShiftAssistant.app/assets/node_modules/@expo/vector-icons/build/vendor/react-native-vector-icons/Fonts/MaterialIcons.ttf
2026-04-06 10:18:32.562 Db EllieMinerShiftAssistant[14476:2ea071] [com.apple.BaseBoard:Common] [BSBlockSentinel:FBSScene] signaled! 1 of 2
2026-04-06 10:18:32.562 Db EllieMinerShiftAssistant[14476:2ea071] (TextInput) -[TIPreferencesController preferencesChangedCallback:]  preferencesChangedCallback: Triggering preferencesChangedCallback for domain <_TIPreferenceDomain: 0x600000c04cf0> with notification AppleKeyboardsSettingsChangedNotification
2026-04-06 10:18:32.562 I  EllieMinerShiftAssistant[14476:2ea071] [com.wix.Detox:WebSocket] Action received: loginSuccess
2026-04-06 10:18:32.562 I  EllieMinerShiftAssistant[14476:2ea071] [com.wix.Detox:DetoxManager] Successfully logged in
2026-04-06 10:18:32.563 Db EllieMinerShiftAssistant[14476:2ea095] [com.apple.CFBundle:resources] Resource lookup at CFBundle 0x600003b04460 </Users/user/Library/Developer/CoreSimulator/Devices/85DD3162-206C-44DB-A723-F4B933896B6E/data/Containers/Bundle/Application/EC35ECFC-654C-48E8-B1FB-B0FC8389B4C9/EllieMinerShiftAssistant.app> (executable, loaded)
	Request       : Octicons type: ttf path: assets/node_modules/@expo/vector-icons/build/vendor/react-native-vector-icons/Fonts
	Result        : file:///Users/user/Library/Developer/CoreSimulator/Devices/85DD3162-206C-44DB-A723-F4B933896B6E/data/Containers/Bundle/Application/EC35ECFC-654C-48E8-B1FB-B0FC8389B4C9/EllieMinerShiftAssistant.app/assets/node_modules/@expo/vector-icons/build/vendor/react-native-vector-icons/Fonts/Octicons.ttf
2026-04-06 10:18:32.563 Db EllieMinerShiftAssistant[14476:2ea095] [com.apple.CFBundle:resources] Resource lookup at CFBundle 0x600003b04460 </Users/user/Library/Developer/CoreSimulator/Devices/85DD3162-206C-44DB-A723-F4B933896B6E/data/Containers/Bundle/Application/EC35ECFC-654C-48E8-B1FB-B0FC8389B4C9/EllieMinerShiftAssistant.app> (executable, loaded)
	Request       : SimpleLineIcons type: ttf path: assets/node_modules/@expo/vector-icons/build/vendor/react-native-vector-icons/Fonts
	Result        : file:///Users/user/Library/Developer/CoreSimulator/Devices/85DD3162-206C-44DB-A723-F4B933896B6E/data/Containers/Bundle/Application/EC35ECFC-654C-48E8-B1FB-B0FC8389B4C9/EllieMinerShiftAssistant.app/assets/node_modules/@expo/vector-icons/build/vendor/react-native-vector-icons/Fonts/SimpleLineIcons.ttf
2026-04-06 10:18:32.563 Df EllieMinerShiftAssistant[14476:2ea071] [com.apple.KeyboardArbiter:Client] startConnection
2026-04-06 10:18:32.563 Df EllieMinerShiftAssistant[14476:2ea071] [com.apple.UIKit:AppLifecycle] sceneOfRecord: sceneID: sceneID:com.ellie.minershiftassistant-default  persistentID: 862E1BF5-BD2F-4275-BFAF-DBBB7A135D46
2026-04-06 10:18:32.563 Db EllieMinerShiftAssistant[14476:2ea095] [com.apple.CFBundle:resources] Resource lookup at CFBundle 0x600003b04460 </Users/user/Library/Developer/CoreSimulator/Devices/85DD3162-206C-44DB-A723-F4B933896B6E/data/Containers/Bundle/Application/EC35ECFC-654C-48E8-B1FB-B0FC8389B4C9/EllieMinerShiftAssistant.app> (executable, loaded)
	Request       : Zocial type: ttf path: assets/node_modules/@expo/vector-icons/build/vendor/react-native-vector-icons/Fonts
	Result        : file:///Users/user/Library/Developer/CoreSimulator/Devices/85DD3162-206C-44DB-A723-F4B933896B6E/data/Containers/Bundle/Application/EC35ECFC-654C-48E8-B1FB-B0FC8389B4C9/EllieMinerShiftAssistant.app/assets/node_modules/@expo/vector-icons/build/vendor/react-native-vector-icons/Fonts/Zocial.ttf
2026-04-06 10:18:32.563 Db EllieMinerShiftAssistant[14476:2ea071] [com.apple.BacklightServices:scenes] 0x600000c46be0 environment updated:sceneID:com.ellie.minershiftassistant-default
  delta:{ visualState:0 date:0 active:0 seed:0 }
  diff:<FBSSceneSettingsDiff: 0x600001749e00; UIApplicationSceneSettings> {
    subclassSettings = <BSSettingsDiff: 0x600000c25260> {
        scenePresenterRenderIdentifierForSnapshotting = 7a874480788336ac;
        hostContextIdentifierForSnapshotting = 1be044e2;
    };
}
  new:(null) (null)
  old:(null) (null)
  new:(null)
2026-04-06 10:18:32.563 Db EllieMinerShiftAssistant[14476:2ea071] [com.apple.BaseBoard:Common] [BSBlockSentinel:FBSScene] signaled! 1 of 2
2026-04-06 10:18:32.563 I  EllieMinerShiftAssistant[14476:2ea071] [com.wix.Detox:WebSocket] Action received: isReady
2026-04-06 10:18:32.563 Df EllieMinerShiftAssistant[14476:2ea071] [com.apple.UIKit:AppLifecycle] sceneOfRecord: sceneID: sceneID:com.ellie.minershiftassistant-default  persistentID: 862E1BF5-BD2F-4275-BFAF-DBBB7A135D46
2026-04-06 10:18:32.564 Db EllieMinerShiftAssistant[14476:2ea071] [com.apple.BacklightServices:scenes] 0x600000c46be0 environment updated:sceneID:com.ellie.minershiftassistant-default
  delta:{ visualState:0 date:0 active:0 seed:0 }
  diff:<FBSSceneSettingsDiff: 0x600001749340; UIApplicationSceneSettings> {
    settings = <BSKeyedSettingsDiff: 0x600000c274e0> {
        _UISceneRenderingEnvironmentSettings = <BSKeyedSettingsDiff: 0x600000c27600> {
            systemDisplayIdentifier = 8CA15564-F484-4FD5-A34E-2E7A37CD7DD9;
        };
        _UISystemShellSceneHostingEnvironmentSettings = <BSKeyedSettingsDiff: 0x600000c27630> {
            systemShellHostingSpaceIdentifier = SB-display-<embedded>;
        };
    };
}
  new:(null) (null)
  old:(null) (null)
  new:(null)
2026-04-06 10:18:32.564 Db EllieMinerShiftAssistant[14476:2ea095] [com.apple.CFBundle:resources] Resource lookup at CFBundle 0x600003b04460 </Users/user/Library/Developer/CoreSimulator/Devices/85DD3162-206C-44DB-A723-F4B933896B6E/data/Containers/Bundle/Application/EC35ECFC-654C-48E8-B1FB-B0FC8389B4C9/EllieMinerShiftAssistant.app> (executable, loaded)
	Request       : mining-helmet-sacred-flame type: png path: assets/assets/onboarding/icons/consolidated
	Result        : file:///Users/user/Library/Developer/CoreSimulator/Devices/85DD3162-206C-44DB-A723-F4B933896B6E/data/Containers/Bundle/Application/EC35ECFC-654C-48E8-B1FB-B0FC8389B4C9/EllieMinerShiftAssistant.app/assets/assets/onboarding/icons/consolidated/mining-helmet-sacred-flame.png
2026-04-06 10:18:32.564 Db EllieMinerShiftAssistant[14476:2ea071] [com.apple.BaseBoard:Common] [BSBlockSentinel:FBSScene] signaled! 1 of 2
2026-04-06 10:18:32.564 Df EllieMinerShiftAssistant[14476:2ea071] [com.apple.KeyboardArbiter:Client] handleKeyboardChange: set currentKeyboard:N (wasKeyboard:N)
2026-04-06 10:18:32.564 Df EllieMinerShiftAssistant[14476:2ea071] [com.apple.UIKit:KeyboardSceneDelegate] forceReloadInputViews
2026-04-06 10:18:32.564 Df EllieMinerShiftAssistant[14476:2ea071] [com.apple.UIKit:KeyboardSceneDelegate] Reloading input views for: <(null): 0x0; > force: 1
2026-04-06 10:18:32.564 Db EllieMinerShiftAssistant[14476:2ea095] [com.apple.CFBundle:resources] Resource lookup at CFBundle 0x600003b04460 </Users/user/Library/Developer/CoreSimulator/Devices/85DD3162-206C-44DB-A723-F4B933896B6E/data/Containers/Bundle/Application/EC35ECFC-654C-48E8-B1FB-B0FC8389B4C9/EllieMinerShiftAssistant.app> (executable, loaded)
	Request       : mining-helmet-sacred-flame@2x type: png path: assets/assets/onboarding/icons/consolidated
	Result        : file:///Users/user/Library/Developer/CoreSimulator/Devices/85DD3162-206C-44DB-A723-F4B933896B6E/data/Containers/Bundle/Application/EC35ECFC-654C-48E8-B1FB-B0FC8389B4C9/EllieMinerShiftAssistant.app/assets/assets/onboarding/icons/consolidated/mining-helmet-sacred-flame@2x.png
2026-04-06 10:18:32.564 Df EllieMinerShiftAssistant[14476:2ea071] [com.apple.UIKit:KeyboardArbiterClientLog] isWritingToolsHandlingKeyboardTracking:Y (WT ready:Y, Arbiter ready:Y)
2026-04-06 10:18:32.564 Db EllieMinerShiftAssistant[14476:2ea071] [com.apple.defaults:User Defaults] found no value for key LogGestureEnvironment in CFPrefsSearchListSource<0x600002c05880> (Domain: com.apple.UIKit, Container: (null))
2026-04-06 10:18:32.565 Db EllieMinerShiftAssistant[14476:2ea095] [com.apple.CFBundle:resources] Resource lookup at CFBundle 0x600003b04460 </Users/user/Library/Developer/CoreSimulator/Devices/85DD3162-206C-44DB-A723-F4B933896B6E/data/Containers/Bundle/Application/EC35ECFC-654C-48E8-B1FB-B0FC8389B4C9/EllieMinerShiftAssistant.app> (executable, loaded)
	Request       : mining-helmet-sacred-flame@3x type: png path: assets/assets/onboarding/icons/consolidated
	Result        : file:///Users/user/Library/Developer/CoreSimulator/Devices/85DD3162-206C-44DB-A723-F4B933896B6E/data/Containers/Bundle/Application/EC35ECFC-654C-48E8-B1FB-B0FC8389B4C9/EllieMinerShiftAssistant.app/assets/assets/onboarding/icons/consolidated/mining-helmet-sacred-flame@3x.png
2026-04-06 10:18:32.566 Db EllieMinerShiftAssistant[14476:2ea095] [com.apple.CFBundle:resources] Resource lookup at CFBundle 0x600003b04460 </Users/user/Library/Developer/CoreSimulator/Devices/85DD3162-206C-44DB-A723-F4B933896B6E/data/Containers/Bundle/Application/EC35ECFC-654C-48E8-B1FB-B0FC8389B4C9/EllieMinerShiftAssistant.app> (executable, loaded)
	Request       : roster-type-rotating type: png path: assets/assets/onboarding/icons/consolidated
	Result        : file:///Users/user/Library/Developer/CoreSimulator/Devices/85DD3162-206C-44DB-A723-F4B933896B6E/data/Containers/Bundle/Application/EC35ECFC-654C-48E8-B1FB-B0FC8389B4C9/EllieMinerShiftAssistant.app/assets/assets/onboarding/icons/consolidated/roster-type-rotating.png
2026-04-06 10:18:32.566 Db EllieMinerShiftAssistant[14476:2ea095] [com.apple.CFBundle:resources] Resource lookup at CFBundle 0x600003b04460 </Users/user/Library/Developer/CoreSimulator/Devices/85DD3162-206C-44DB-A723-F4B933896B6E/data/Containers/Bundle/Application/EC35ECFC-654C-48E8-B1FB-B0FC8389B4C9/EllieMinerShiftAssistant.app> (executable, loaded)
	Request       : roster-type-rotating@2x type: png path: assets/assets/onboarding/icons/consolidated
	Result        : file:///Users/user/Library/Developer/CoreSimulator/Devices/85DD3162-206C-44DB-A723-F4B933896B6E/data/Containers/Bundle/Application/EC35ECFC-654C-48E8-B1FB-B0FC8389B4C9/EllieMinerShiftAssistant.app/assets/assets/onboarding/icons/consolidated/roster-type-rotating@2x.png
2026-04-06 10:18:32.567 Db EllieMinerShiftAssistant[14476:2ea095] [com.apple.CFBundle:resources] Resource lookup at CFBundle 0x600003b04460 </Users/user/Library/Developer/CoreSimulator/Devices/85DD3162-206C-44DB-A723-F4B933896B6E/data/Containers/Bundle/Application/EC35ECFC-654C-48E8-B1FB-B0FC8389B4C9/EllieMinerShiftAssistant.app> (executable, loaded)
	Request       : roster-type-rotating@3x type: png path: assets/assets/onboarding/icons/consolidated
	Result        : file:///Users/user/Library/Developer/CoreSimulator/Devices/85DD3162-206C-44DB-A723-F4B933896B6E/data/Containers/Bundle/Application/EC35ECFC-654C-48E8-B1FB-B0FC8389B4C9/EllieMinerShiftAssistant.app/assets/assets/onboarding/icons/consolidated/roster-type-rotating@3x.png
2026-04-06 10:18:32.569 Db EllieMinerShiftAssistant[14476:2ea095] [com.apple.CFBundle:resources] Resource lookup at CFBundle 0x600003b04460 </Users/user/Library/Developer/CoreSimulator/Devices/85DD3162-206C-44DB-A723-F4B933896B6E/data/Containers/Bundle/Application/EC35ECFC-654C-48E8-B1FB-B0FC8389B4C9/EllieMinerShiftAssistant.app> (executable, loaded)
	Request       : roster-type-fifo type: png path: assets/assets/onboarding/icons/consolidated
	Result        : file:///Users/user/Library/Developer/CoreSimulator/Devices/85DD3162-206C-44DB-A723-F4B933896B6E/data/Containers/Bundle/Application/EC35ECFC-654C-48E8-B1FB-B0FC8389B4C9/EllieMinerShiftAssistant.app/assets/assets/onboarding/icons/consolidated/roster-type-fifo.png
2026-04-06 10:18:32.569 Db EllieMinerShiftAssistant[14476:2ea095] [com.apple.CFBundle:resources] Resource lookup at CFBundle 0x600003b04460 </Users/user/Library/Developer/CoreSimulator/Devices/85DD3162-206C-44DB-A723-F4B933896B6E/data/Containers/Bundle/Application/EC35ECFC-654C-48E8-B1FB-B0FC8389B4C9/EllieMinerShiftAssistant.app> (executable, loaded)
	Request       : roster-type-fifo@2x type: png path: assets/assets/onboarding/icons/consolidated
	Result        : file:///Users/user/Library/Developer/CoreSimulator/Devices/85DD3162-206C-44DB-A723-F4B933896B6E/data/Containers/Bundle/Application/EC35ECFC-654C-48E8-B1FB-B0FC8389B4C9/EllieMinerShiftAssistant.app/assets/assets/onboarding/icons/consolidated/roster-type-fifo@2x.png
